[INFO] [1787956013.695989854] [argus_capture]:   port c (imx296 2-001a) -> sensor-id 0 -> cam1
[INFO] [1787956013.696328065] [argus_capture]:   port d (imx296 2-0018) -> sensor-id 1 -> cam2
[INFO] [1787956013.696373730] [argus_capture]:   port e (imx296 7-001a) -> sensor-id 2 -> cam3
[INFO] [1787956013.696407586] [argus_capture]:   port f (imx296 7-0018) -> sensor-id 3 -> cam4
[INFO] [1787956013.696490179] [argus_capture]: external trigger active -> locking AE (gain 16.0-16.0, dgain 4.0-4.0)
[INFO] [1787956013.700099747] [argus_capture]: EGL headless display via device 0 of 1
[INFO] [1787956013.833542808] [argus_capture]: Argus 0.98.3 (multi-process), 4 cameras present
[INFO] [1787956014.216791237] [argus_capture]: Argus capture up: 4 cameras @ 1456x1088, trigger external, AE locked
[INFO] [1787956014.222185140] [argus_capture]: stamping at exposure midpoint (rig exposure 4.986 ms, from the exposure_us parameter)
[INFO] [1787956014.226944798] [argus_capture]: cam idx 0: first frame published
[INFO] [1787956014.300583654] [argus_capture]: cam idx 1: first frame published
[INFO] [1787956014.311369125] [argus_capture]: cam idx 2: first frame published
[INFO] [1787956014.409852680] [argus_capture]: cam idx 3: first frame published
[INFO] [1787956018.705923279] [argus_capture]: sets 130, worst skew 199999 us in the last window (limit 1000 us), over-limit sets 1 total; offsets vs cam1: cam2=0us cam3=0us cam4=0us
[INFO] [1787956023.732149656] [argus_capture]: sets 281, worst skew 4 us in the last window (limit 1000 us), over-limit sets 1 total; offsets vs cam1: cam2=0us cam3=0us cam4=0us
[INFO] [1787956028.734290962] [argus_capture]: sets 431, worst skew 4 us in the last window (limit 1000 us), over-limit sets 1 total; offsets vs cam1: cam2=0us cam3=0us cam4=0us
[INFO] [1787956033.737104117] [argus_capture]: sets 581, worst skew 4 us in the last window (limit 1000 us), over-limit sets 1 total; offsets vs cam1: cam2=0us cam3=0us cam4=0us
[INFO] [1787956038.769974019] [argus_capture]: sets 732, worst skew 4 us in the last window (limit 1000 us), over-limit sets 1 total; offsets vs cam1: cam2=0us cam3=0us cam4=0us
[INFO] [1787956043.772873320] [argus_capture]: sets 882, worst skew 4 us in the last window (limit 1000 us), over-limit sets 1 total; offsets vs cam1: cam2=0us cam3=0us cam4=0us
[INFO] [1787956048.774663171] [argus_capture]: sets 1032, worst skew 33333 us in the last window (limit 1000 us), over-limit sets 2 total; offsets vs cam1: cam2=0us cam3=0us cam4=0us
[INFO] [1787956053.780194111] [argus_capture]: sets 1182, worst skew 33332 us in the last window (limit 1000 us), over-limit sets 3 total; offsets vs cam1: cam2=0us cam3=0us cam4=0us
[INFO] [1787956058.781115791] [argus_capture]: sets 1332, worst skew 4 us in the last window (limit 1000 us), over-limit sets 3 total; offsets vs cam1: cam2=0us cam3=0us cam4=0us
[INFO] [1787956063.785947518] [argus_capture]: sets 1482, worst skew 4 us in the last window (limit 1000 us), over-limit sets 3 total; offsets vs cam1: cam2=0us cam3=0us cam4=0us
[INFO] [1787956068.786123934] [argus_capture]: sets 1632, worst skew 4 us in the last window (limit 1000 us), over-limit sets 3 total; offsets vs cam1: cam2=0us cam3=0us cam4=0us
[INFO] [1787956073.794008411] [argus_capture]: sets 1782, worst skew 4 us in the last window (limit 1000 us), over-limit sets 3 total; offsets vs cam1: cam2=0us cam3=-1us cam4=0us
[INFO] [1787956078.820163223] [argus_capture]: sets 1933, worst skew 4 us in the last window (limit 1000 us), over-limit sets 3 total; offsets vs cam1: cam2=0us cam3=0us cam4=0us
[INFO] [1787956083.821828940] [argus_capture]: sets 2083, worst skew 5 us in the last window (limit 1000 us), over-limit sets 3 total; offsets vs cam1: cam2=0us cam3=0us cam4=0us
[INFO] [1787956088.852833988] [argus_capture]: sets 2234, worst skew 4 us in the last window (limit 1000 us), over-limit sets 3 total; offsets vs cam1: cam2=0us cam3=0us cam4=0us
[INFO] [1787956093.853768797] [argus_capture]: sets 2384, worst skew 4 us in the last window (limit 1000 us), over-limit sets 3 total; offsets vs cam1: cam2=0us cam3=-1us cam4=0us
[INFO] [1787956098.887030740] [argus_capture]: sets 2535, worst skew 4 us in the last window (limit 1000 us), over-limit sets 3 total; offsets vs cam1: cam2=0us cam3=0us cam4=0us
[INFO] [1787956103.893959276] [argus_capture]: sets 2685, worst skew 4 us in the last window (limit 1000 us), over-limit sets 3 total; offsets vs cam1: cam2=0us cam3=-1us cam4=0us
[INFO] [1787956108.920327561] [argus_capture]: sets 2836, worst skew 4 us in the last window (limit 1000 us), over-limit sets 3 total; offsets vs cam1: cam2=4us cam3=3us cam4=4us
[INFO] [1787956113.951874599] [argus_capture]: sets 2987, worst skew 4 us in the last window (limit 1000 us), over-limit sets 3 total; offsets vs cam1: cam2=0us cam3=0us cam4=0us
[INFO] [1787956118.954082628] [argus_capture]: sets 3137, worst skew 5 us in the last window (limit 1000 us), over-limit sets 3 total; offsets vs cam1: cam2=0us cam3=0us cam4=0us
[INFO] [1787956123.992885671] [argus_capture]: sets 3288, worst skew 4 us in the last window (limit 1000 us), over-limit sets 3 total; offsets vs cam1: cam2=0us cam3=-1us cam4=0us
[INFO] [1787956129.019845161] [argus_capture]: sets 3439, worst skew 4 us in the last window (limit 1000 us), over-limit sets 3 total; offsets vs cam1: cam2=0us cam3=0us cam4=0us
[INFO] [1787956134.026413558] [argus_capture]: sets 3589, worst skew 4 us in the last window (limit 1000 us), over-limit sets 3 total; offsets vs cam1: cam2=0us cam3=0us cam4=0us
[INFO] [1787956139.052291140] [argus_capture]: sets 3740, worst skew 5 us in the last window (limit 1000 us), over-limit sets 3 total; offsets vs cam1: cam2=0us cam3=0us cam4=0us
[INFO] [1787956144.084868574] [argus_capture]: sets 3891, worst skew 5 us in the last window (limit 1000 us), over-limit sets 3 total; offsets vs cam1: cam2=0us cam3=0us cam4=0us
[INFO] [1787956149.086675068] [argus_capture]: sets 4041, worst skew 5 us in the last window (limit 1000 us), over-limit sets 3 total; offsets vs cam1: cam2=0us cam3=0us cam4=0us
[INFO] [1787956154.120209810] [argus_capture]: sets 4192, worst skew 5 us in the last window (limit 1000 us), over-limit sets 3 total; offsets vs cam1: cam2=0us cam3=0us cam4=0us
[INFO] [1787956159.153469035] [argus_capture]: sets 4343, worst skew 4 us in the last window (limit 1000 us), over-limit sets 3 total; offsets vs cam1: cam2=0us cam3=0us cam4=0us
[INFO] [1787956164.187439957] [argus_capture]: sets 4494, worst skew 4 us in the last window (limit 1000 us), over-limit sets 3 total; offsets vs cam1: cam2=0us cam3=0us cam4=0us
[INFO] [1787956169.219926767] [argus_capture]: sets 4645, worst skew 4 us in the last window (limit 1000 us), over-limit sets 3 total; offsets vs cam1: cam2=0us cam3=0us cam4=0us
[INFO] [1787956174.256729027] [argus_capture]: sets 4796, worst skew 5 us in the last window (limit 1000 us), over-limit sets 3 total; offsets vs cam1: cam2=0us cam3=0us cam4=0us
[INFO] [1787956179.262880913] [argus_capture]: sets 4946, worst skew 4 us in the last window (limit 1000 us), over-limit sets 3 total; offsets vs cam1: cam2=0us cam3=0us cam4=0us
[INFO] [1787956184.271728341] [argus_capture]: sets 5096, worst skew 33333 us in the last window (limit 1000 us), over-limit sets 4 total; offsets vs cam1: cam2=0us cam3=0us cam4=0us
[INFO] [1787956189.306235087] [argus_capture]: sets 5246, worst skew 33334 us in the last window (limit 1000 us), over-limit sets 6 total; offsets vs cam1: cam2=0us cam3=-1us cam4=0us
[INFO] [1787956194.340031089] [argus_capture]: sets 5386, worst skew 33333 us in the last window (limit 1000 us), over-limit sets 33 total; offsets vs cam1: cam2=0us cam3=0us cam4=0us
[INFO] [1787956199.340646771] [argus_capture]: sets 5526, worst skew 33337 us in the last window (limit 1000 us), over-limit sets 58 total; offsets vs cam1: cam2=0us cam3=0us cam4=0us
[INFO] [1787956204.343045794] [argus_capture]: sets 5666, worst skew 33337 us in the last window (limit 1000 us), over-limit sets 87 total; offsets vs cam1: cam2=0us cam3=0us cam4=0us
[INFO] [1787956209.356375641] [argus_capture]: sets 5804, worst skew 66665 us in the last window (limit 1000 us), over-limit sets 115 total; offsets vs cam1: cam2=0us cam3=0us cam4=0us
[INFO] [1787956214.382415848] [argus_capture]: sets 5947, worst skew 33334 us in the last window (limit 1000 us), over-limit sets 138 total; offsets vs cam1: cam2=0us cam3=0us cam4=0us
[INFO] [1787956219.396740735] [argus_capture]: sets 6088, worst skew 33333 us in the last window (limit 1000 us), over-limit sets 164 total; offsets vs cam1: cam2=0us cam3=0us cam4=0us
[INFO] [1787956224.414737225] [argus_capture]: sets 6229, worst skew 33333 us in the last window (limit 1000 us), over-limit sets 190 total; offsets vs cam1: cam2=0us cam3=33332us cam4=0us
[INFO] [1787956229.419181101] [argus_capture]: sets 6369, worst skew 33333 us in the last window (limit 1000 us), over-limit sets 219 total; offsets vs cam1: cam2=0us cam3=0us cam4=0us
[INFO] [1787956234.451207004] [argus_capture]: sets 6510, worst skew 33337 us in the last window (limit 1000 us), over-limit sets 244 total; offsets vs cam1: cam2=0us cam3=0us cam4=0us
[INFO] [1787956239.468849403] [argus_capture]: sets 6653, worst skew 33337 us in the last window (limit 1000 us), over-limit sets 268 total; offsets vs cam1: cam2=0us cam3=0us cam4=0us
[INFO] [1787956244.507378547] [argus_capture]: sets 6791, worst skew 66665 us in the last window (limit 1000 us), over-limit sets 300 total; offsets vs cam1: cam2=0us cam3=0us cam4=0us
[INFO] [1787956249.533794674] [argus_capture]: sets 6933, worst skew 33337 us in the last window (limit 1000 us), over-limit sets 326 total; offsets vs cam1: cam2=0us cam3=-1us cam4=33332us
[INFO] [1787956254.572849059] [argus_capture]: sets 7075, worst skew 33334 us in the last window (limit 1000 us), over-limit sets 351 total; offsets vs cam1: cam2=0us cam3=0us cam4=0us
[INFO] [1787956259.583555154] [argus_capture]: sets 7212, worst skew 33337 us in the last window (limit 1000 us), over-limit sets 383 total; offsets vs cam1: cam2=0us cam3=0us cam4=0us
[INFO] [1787956264.592700549] [argus_capture]: sets 7346, worst skew 33337 us in the last window (limit 1000 us), over-limit sets 422 total; offsets vs cam1: cam2=0us cam3=0us cam4=0us
[INFO] [1787956269.636275009] [argus_capture]: sets 7487, worst skew 33337 us in the last window (limit 1000 us), over-limit sets 449 total; offsets vs cam1: cam2=1us cam3=0us cam4=0us
[INFO] [1787956274.649362912] [argus_capture]: sets 7628, worst skew 33337 us in the last window (limit 1000 us), over-limit sets 477 total; offsets vs cam1: cam2=0us cam3=0us cam4=0us
[INFO] [1787956279.661402539] [argus_capture]: sets 7770, worst skew 33334 us in the last window (limit 1000 us), over-limit sets 502 total; offsets vs cam1: cam2=0us cam3=-1us cam4=0us
[INFO] [1787956284.693085319] [argus_capture]: sets 7910, worst skew 33337 us in the last window (limit 1000 us), over-limit sets 531 total; offsets vs cam1: cam2=0us cam3=0us cam4=0us
[INFO] [1787956289.693333690] [argus_capture]: sets 8048, worst skew 66665 us in the last window (limit 1000 us), over-limit sets 565 total; offsets vs cam1: cam2=1us cam3=0us cam4=0us
[INFO] [1787956294.699880410] [argus_capture]: sets 8188, worst skew 33337 us in the last window (limit 1000 us), over-limit sets 590 total; offsets vs cam1: cam2=0us cam3=0us cam4=0us
[INFO] [1787956299.727841470] [argus_capture]: sets 8329, worst skew 33337 us in the last window (limit 1000 us), over-limit sets 617 total; offsets vs cam1: cam2=0us cam3=0us cam4=0us
[INFO] [1787956304.742758863] [argus_capture]: sets 8459, worst skew 66665 us in the last window (limit 1000 us), over-limit sets 665 total; offsets vs cam1: cam2=0us cam3=-1us cam4=0us
[INFO] [1787956309.749887581] [argus_capture]: sets 8592, worst skew 33337 us in the last window (limit 1000 us), over-limit sets 707 total; offsets vs cam1: cam2=-33333us cam3=0us cam4=0us
[INFO] [1787956314.778628017] [argus_capture]: sets 8724, worst skew 66665 us in the last window (limit 1000 us), over-limit sets 752 total; offsets vs cam1: cam2=5us cam3=4us cam4=-33333us
[INFO] [1787956319.801359029] [argus_capture]: sets 8856, worst skew 66665 us in the last window (limit 1000 us), over-limit sets 800 total; offsets vs cam1: cam2=-33333us cam3=4us cam4=4us
[INFO] [1787956324.804963204] [argus_capture]: sets 8991, worst skew 66665 us in the last window (limit 1000 us), over-limit sets 836 total; offsets vs cam1: cam2=0us cam3=-1us cam4=0us
[INFO] [1787956329.808290360] [argus_capture]: sets 9125, worst skew 66665 us in the last window (limit 1000 us), over-limit sets 875 total; offsets vs cam1: cam2=0us cam3=-1us cam4=0us
[INFO] [1787956334.815813696] [argus_capture]: sets 9257, worst skew 66665 us in the last window (limit 1000 us), over-limit sets 920 total; offsets vs cam1: cam2=0us cam3=0us cam4=0us
[INFO] [1787956339.819318214] [argus_capture]: sets 9392, worst skew 66665 us in the last window (limit 1000 us), over-limit sets 957 total; offsets vs cam1: cam2=0us cam3=0us cam4=0us
[INFO] [1787956344.833040347] [argus_capture]: sets 9522, worst skew 66665 us in the last window (limit 1000 us), over-limit sets 1004 total; offsets vs cam1: cam2=0us cam3=0us cam4=0us
[INFO] [1787956349.846667130] [argus_capture]: sets 9656, worst skew 66665 us in the last window (limit 1000 us), over-limit sets 1044 total; offsets vs cam1: cam2=0us cam3=0us cam4=0us
[INFO] [1787956354.867526985] [argus_capture]: sets 9789, worst skew 66665 us in the last window (limit 1000 us), over-limit sets 1092 total; offsets vs cam1: cam2=-33333us cam3=0us cam4=0us
[INFO] [1787956359.896617740] [argus_capture]: sets 9924, worst skew 33337 us in the last window (limit 1000 us), over-limit sets 1135 total; offsets vs cam1: cam2=0us cam3=0us cam4=-33332us
[INFO] [1787956364.919456630] [argus_capture]: sets 10059, worst skew 33337 us in the last window (limit 1000 us), over-limit sets 1176 total; offsets vs cam1: cam2=0us cam3=0us cam4=0us
[INFO] [1787956369.947107417] [argus_capture]: sets 10173, worst skew 66665 us in the last window (limit 1000 us), over-limit sets 1238 total; offsets vs cam1: cam2=0us cam3=-1us cam4=0us
[INFO] [1787956374.952107286] [argus_capture]: sets 10307, worst skew 66665 us in the last window (limit 1000 us), over-limit sets 1278 total; offsets vs cam1: cam2=1us cam3=-33333us cam4=1us
[INFO] [1787956379.985845694] [argus_capture]: sets 10442, worst skew 33338 us in the last window (limit 1000 us), over-limit sets 1321 total; offsets vs cam1: cam2=0us cam3=0us cam4=0us
[INFO] [1787956385.025100480] [argus_capture]: sets 10573, worst skew 33337 us in the last window (limit 1000 us), over-limit sets 1371 total; offsets vs cam1: cam2=-33333us cam3=0us cam4=0us
[INFO] [1787956390.047276694] [argus_capture]: sets 10706, worst skew 66666 us in the last window (limit 1000 us), over-limit sets 1411 total; offsets vs cam1: cam2=0us cam3=33332us cam4=0us
[INFO] [1787956395.071931106] [argus_capture]: sets 10837, worst skew 66665 us in the last window (limit 1000 us), over-limit sets 1455 total; offsets vs cam1: cam2=0us cam3=-1us cam4=-1us
[INFO] [1787956400.079800521] [argus_capture]: sets 10966, worst skew 66666 us in the last window (limit 1000 us), over-limit sets 1499 total; offsets vs cam1: cam2=0us cam3=0us cam4=0us
[INFO] [1787956405.094835126] [argus_capture]: sets 11108, worst skew 33337 us in the last window (limit 1000 us), over-limit sets 1523 total; offsets vs cam1: cam2=0us cam3=0us cam4=0us
[INFO] [1787956410.103764580] [argus_capture]: sets 11235, worst skew 66666 us in the last window (limit 1000 us), over-limit sets 1568 total; offsets vs cam1: cam2=0us cam3=0us cam4=0us
[INFO] [1787956415.115870961] [argus_capture]: sets 11372, worst skew 33334 us in the last window (limit 1000 us), over-limit sets 1602 total; offsets vs cam1: cam2=0us cam3=0us cam4=0us
[INFO] [1787956420.147572069] [argus_capture]: sets 11513, worst skew 33337 us in the last window (limit 1000 us), over-limit sets 1629 total; offsets vs cam1: cam2=0us cam3=0us cam4=0us
[INFO] [1787956425.149835625] [argus_capture]: sets 11653, worst skew 66665 us in the last window (limit 1000 us), over-limit sets 1654 total; offsets vs cam1: cam2=0us cam3=0us cam4=0us
[INFO] [1787956430.151400257] [argus_capture]: sets 11793, worst skew 66665 us in the last window (limit 1000 us), over-limit sets 1682 total; offsets vs cam1: cam2=0us cam3=-1us cam4=0us
[INFO] [1787956435.181502300] [argus_capture]: sets 11933, worst skew 33338 us in the last window (limit 1000 us), over-limit sets 1709 total; offsets vs cam1: cam2=0us cam3=-1us cam4=0us
[INFO] [1787956440.208562420] [argus_capture]: sets 12056, worst skew 66665 us in the last window (limit 1000 us), over-limit sets 1758 total; offsets vs cam1: cam2=-33333us cam3=-33333us cam4=0us
[INFO] [1787956445.251666220] [argus_capture]: sets 12163, worst skew 66671 us in the last window (limit 1000 us), over-limit sets 1838 total; offsets vs cam1: cam2=0us cam3=-33333us cam4=0us
[INFO] [1787956450.273333729] [argus_capture]: sets 12272, worst skew 66670 us in the last window (limit 1000 us), over-limit sets 1910 total; offsets vs cam1: cam2=-33333us cam3=33332us cam4=0us
[INFO] [1787956455.301565462] [argus_capture]: sets 12386, worst skew 66666 us in the last window (limit 1000 us), over-limit sets 1983 total; offsets vs cam1: cam2=0us cam3=0us cam4=0us
[INFO] [1787956460.303952471] [argus_capture]: sets 12496, worst skew 66665 us in the last window (limit 1000 us), over-limit sets 2051 total; offsets vs cam1: cam2=0us cam3=0us cam4=0us
[INFO] [1787956465.316961982] [argus_capture]: sets 12605, worst skew 66665 us in the last window (limit 1000 us), over-limit sets 2125 total; offsets vs cam1: cam2=0us cam3=-33333us cam4=0us
[INFO] [1787956470.349042821] [argus_capture]: sets 12710, worst skew 66666 us in the last window (limit 1000 us), over-limit sets 2198 total; offsets vs cam1: cam2=0us cam3=0us cam4=0us
[INFO] [1787956475.362424640] [argus_capture]: sets 12817, worst skew 66666 us in the last window (limit 1000 us), over-limit sets 2267 total; offsets vs cam1: cam2=-33333us cam3=-1us cam4=0us
[INFO] [1787956480.364603327] [argus_capture]: sets 12949, worst skew 66665 us in the last window (limit 1000 us), over-limit sets 2302 total; offsets vs cam1: cam2=0us cam3=0us cam4=0us
[INFO] [1787956485.370929214] [argus_capture]: sets 13086, worst skew 66665 us in the last window (limit 1000 us), over-limit sets 2337 total; offsets vs cam1: cam2=-33333us cam3=0us cam4=0us
[INFO] [1787956490.375663586] [argus_capture]: sets 13224, worst skew 66665 us in the last window (limit 1000 us), over-limit sets 2368 total; offsets vs cam1: cam2=0us cam3=0us cam4=0us
[INFO] [1787956495.409685039] [argus_capture]: sets 13365, worst skew 33337 us in the last window (limit 1000 us), over-limit sets 2399 total; offsets vs cam1: cam2=0us cam3=33332us cam4=0us
[INFO] [1787956500.441035669] [argus_capture]: sets 13507, worst skew 33337 us in the last window (limit 1000 us), over-limit sets 2425 total; offsets vs cam1: cam2=0us cam3=0us cam4=0us
[INFO] [1787956505.454589173] [argus_capture]: sets 13647, worst skew 66665 us in the last window (limit 1000 us), over-limit sets 2454 total; offsets vs cam1: cam2=0us cam3=0us cam4=0us
[INFO] [1787956510.485223261] [argus_capture]: sets 13788, worst skew 33338 us in the last window (limit 1000 us), over-limit sets 2483 total; offsets vs cam1: cam2=0us cam3=-1us cam4=0us
[INFO] [1787956515.501893285] [argus_capture]: sets 13930, worst skew 33338 us in the last window (limit 1000 us), over-limit sets 2505 total; offsets vs cam1: cam2=0us cam3=0us cam4=0us
[INFO] [1787956520.535009389] [argus_capture]: sets 14071, worst skew 33337 us in the last window (limit 1000 us), over-limit sets 2529 total; offsets vs cam1: cam2=0us cam3=-1us cam4=0us
[INFO] [1787956525.558224353] [argus_capture]: sets 14212, worst skew 33337 us in the last window (limit 1000 us), over-limit sets 2556 total; offsets vs cam1: cam2=0us cam3=0us cam4=0us
[INFO] [1787956530.592229814] [argus_capture]: sets 14353, worst skew 33333 us in the last window (limit 1000 us), over-limit sets 2584 total; offsets vs cam1: cam2=4us cam3=4us cam4=4us
[INFO] [1787956535.614892614] [argus_capture]: sets 14494, worst skew 33338 us in the last window (limit 1000 us), over-limit sets 2610 total; offsets vs cam1: cam2=4us cam3=-33333us cam4=4us
[INFO] [1787956540.626000113] [argus_capture]: sets 14635, worst skew 33337 us in the last window (limit 1000 us), over-limit sets 2637 total; offsets vs cam1: cam2=0us cam3=0us cam4=0us
[INFO] [1787956545.640579343] [argus_capture]: sets 14775, worst skew 33337 us in the last window (limit 1000 us), over-limit sets 2665 total; offsets vs cam1: cam2=0us cam3=0us cam4=-33333us
[INFO] [1787956550.653948623] [argus_capture]: sets 14915, worst skew 66665 us in the last window (limit 1000 us), over-limit sets 2696 total; offsets vs cam1: cam2=0us cam3=-1us cam4=-1us
[INFO] [1787956555.668194983] [argus_capture]: sets 15056, worst skew 33338 us in the last window (limit 1000 us), over-limit sets 2722 total; offsets vs cam1: cam2=0us cam3=0us cam4=-33333us
[INFO] [1787956560.675362723] [argus_capture]: sets 15197, worst skew 33333 us in the last window (limit 1000 us), over-limit sets 2747 total; offsets vs cam1: cam2=0us cam3=-1us cam4=0us
[INFO] [1787956565.682195946] [argus_capture]: sets 15337, worst skew 33333 us in the last window (limit 1000 us), over-limit sets 2774 total; offsets vs cam1: cam2=0us cam3=-1us cam4=0us
[INFO] [1787956570.709271607] [argus_capture]: sets 15478, worst skew 33334 us in the last window (limit 1000 us), over-limit sets 2804 total; offsets vs cam1: cam2=0us cam3=33332us cam4=0us
[INFO] [1787956575.739954553] [argus_capture]: sets 15619, worst skew 33337 us in the last window (limit 1000 us), over-limit sets 2832 total; offsets vs cam1: cam2=0us cam3=0us cam4=0us
[INFO] [1787956580.760350558] [argus_capture]: sets 15760, worst skew 66665 us in the last window (limit 1000 us), over-limit sets 2859 total; offsets vs cam1: cam2=0us cam3=0us cam4=0us
[INFO] [1787956585.790674166] [argus_capture]: sets 15902, worst skew 33333 us in the last window (limit 1000 us), over-limit sets 2885 total; offsets vs cam1: cam2=33332us cam3=-1us cam4=0us
[INFO] [1787956590.817389394] [argus_capture]: sets 16043, worst skew 66665 us in the last window (limit 1000 us), over-limit sets 2912 total; offsets vs cam1: cam2=0us cam3=0us cam4=0us
[INFO] [1787956595.837751705] [argus_capture]: sets 16184, worst skew 33337 us in the last window (limit 1000 us), over-limit sets 2940 total; offsets vs cam1: cam2=0us cam3=0us cam4=0us
[INFO] [1787956600.851435272] [argus_capture]: sets 16326, worst skew 33338 us in the last window (limit 1000 us), over-limit sets 2964 total; offsets vs cam1: cam2=0us cam3=0us cam4=0us
[INFO] [1787956605.868516032] [argus_capture]: sets 16468, worst skew 33337 us in the last window (limit 1000 us), over-limit sets 2988 total; offsets vs cam1: cam2=0us cam3=0us cam4=0us
[INFO] [1787956610.878625021] [argus_capture]: sets 16608, worst skew 33338 us in the last window (limit 1000 us), over-limit sets 3017 total; offsets vs cam1: cam2=0us cam3=0us cam4=0us
[INFO] [1787956615.916464234] [argus_capture]: sets 16749, worst skew 33333 us in the last window (limit 1000 us), over-limit sets 3044 total; offsets vs cam1: cam2=0us cam3=-1us cam4=0us
[INFO] [1787956620.947519067] [argus_capture]: sets 16891, worst skew 66665 us in the last window (limit 1000 us), over-limit sets 3066 total; offsets vs cam1: cam2=0us cam3=0us cam4=0us
[INFO] [1787956625.968347364] [argus_capture]: sets 17033, worst skew 66665 us in the last window (limit 1000 us), over-limit sets 3090 total; offsets vs cam1: cam2=0us cam3=0us cam4=0us
[INFO] [1787956630.982533299] [argus_capture]: sets 17171, worst skew 33337 us in the last window (limit 1000 us), over-limit sets 3127 total; offsets vs cam1: cam2=-33333us cam3=0us cam4=0us
[INFO] [1787956635.989296731] [argus_capture]: sets 17312, worst skew 66666 us in the last window (limit 1000 us), over-limit sets 3153 total; offsets vs cam1: cam2=0us cam3=0us cam4=0us
[INFO] [1787956641.001782406] [argus_capture]: sets 17452, worst skew 66665 us in the last window (limit 1000 us), over-limit sets 3182 total; offsets vs cam1: cam2=0us cam3=0us cam4=0us
[INFO] [1787956646.032502334] [argus_capture]: sets 17593, worst skew 33334 us in the last window (limit 1000 us), over-limit sets 3210 total; offsets vs cam1: cam2=0us cam3=0us cam4=0us
[INFO] [1787956651.038828374] [argus_capture]: sets 17734, worst skew 33337 us in the last window (limit 1000 us), over-limit sets 3237 total; offsets vs cam1: cam2=0us cam3=-1us cam4=0us
[INFO] [1787956656.063211417] [argus_capture]: sets 17876, worst skew 33333 us in the last window (limit 1000 us), over-limit sets 3261 total; offsets vs cam1: cam2=0us cam3=0us cam4=0us
[INFO] [1787956661.096285536] [argus_capture]: sets 18016, worst skew 33338 us in the last window (limit 1000 us), over-limit sets 3287 total; offsets vs cam1: cam2=0us cam3=0us cam4=0us
[INFO] [1787956666.125410113] [argus_capture]: sets 18158, worst skew 66665 us in the last window (limit 1000 us), over-limit sets 3311 total; offsets vs cam1: cam2=0us cam3=-1us cam4=0us
[INFO] [1787956671.137118573] [argus_capture]: sets 18299, worst skew 33333 us in the last window (limit 1000 us), over-limit sets 3337 total; offsets vs cam1: cam2=0us cam3=0us cam4=0us
[INFO] [1787956676.163208732] [argus_capture]: sets 18438, worst skew 33338 us in the last window (limit 1000 us), over-limit sets 3369 total; offsets vs cam1: cam2=-33333us cam3=0us cam4=0us
[INFO] [1787956681.195858645] [argus_capture]: sets 18579, worst skew 33334 us in the last window (limit 1000 us), over-limit sets 3398 total; offsets vs cam1: cam2=0us cam3=0us cam4=0us
[INFO] [1787956686.196416216] [argus_capture]: sets 18721, worst skew 33333 us in the last window (limit 1000 us), over-limit sets 3420 total; offsets vs cam1: cam2=0us cam3=-1us cam4=0us
[INFO] [1787956691.216814872] [argus_capture]: sets 18862, worst skew 33338 us in the last window (limit 1000 us), over-limit sets 3447 total; offsets vs cam1: cam2=0us cam3=-1us cam4=0us
[INFO] [1787956696.230211569] [argus_capture]: sets 19002, worst skew 66665 us in the last window (limit 1000 us), over-limit sets 3474 total; offsets vs cam1: cam2=0us cam3=-1us cam4=0us
[INFO] [1787956701.252417739] [argus_capture]: sets 19145, worst skew 33333 us in the last window (limit 1000 us), over-limit sets 3495 total; offsets vs cam1: cam2=0us cam3=0us cam4=0us
[INFO] [1787956706.270155482] [argus_capture]: sets 19286, worst skew 33333 us in the last window (limit 1000 us), over-limit sets 3521 total; offsets vs cam1: cam2=0us cam3=0us cam4=0us
[INFO] [1787956711.315931643] [argus_capture]: sets 19426, worst skew 33337 us in the last window (limit 1000 us), over-limit sets 3549 total; offsets vs cam1: cam2=-33333us cam3=-33333us cam4=-33333us
[INFO] [1787956716.323818852] [argus_capture]: sets 19566, worst skew 33333 us in the last window (limit 1000 us), over-limit sets 3575 total; offsets vs cam1: cam2=0us cam3=0us cam4=1us
[INFO] [1787956721.342863559] [argus_capture]: sets 19706, worst skew 66665 us in the last window (limit 1000 us), over-limit sets 3603 total; offsets vs cam1: cam2=0us cam3=-1us cam4=0us
[INFO] [1787956726.359582548] [argus_capture]: sets 19847, worst skew 33338 us in the last window (limit 1000 us), over-limit sets 3628 total; offsets vs cam1: cam2=0us cam3=0us cam4=0us
[INFO] [1787956731.374571567] [argus_capture]: sets 19986, worst skew 66666 us in the last window (limit 1000 us), over-limit sets 3661 total; offsets vs cam1: cam2=0us cam3=33332us cam4=0us
[INFO] [1787956736.395589040] [argus_capture]: sets 20125, worst skew 66665 us in the last window (limit 1000 us), over-limit sets 3687 total; offsets vs cam1: cam2=0us cam3=0us cam4=0us
[INFO] [1787956741.426151512] [argus_capture]: sets 20263, worst skew 33338 us in the last window (limit 1000 us), over-limit sets 3722 total; offsets vs cam1: cam2=0us cam3=0us cam4=0us
[INFO] [1787956746.447984481] [argus_capture]: sets 20403, worst skew 33338 us in the last window (limit 1000 us), over-limit sets 3750 total; offsets vs cam1: cam2=0us cam3=-5us cam4=0us
[INFO] [1787956751.459004915] [argus_capture]: sets 20544, worst skew 33334 us in the last window (limit 1000 us), over-limit sets 3775 total; offsets vs cam1: cam2=0us cam3=0us cam4=0us
[INFO] [1787956756.459580825] [argus_capture]: sets 20684, worst skew 33337 us in the last window (limit 1000 us), over-limit sets 3803 total; offsets vs cam1: cam2=5us cam3=5us cam4=5us
[INFO] [1787956761.469520099] [argus_capture]: sets 20823, worst skew 66665 us in the last window (limit 1000 us), over-limit sets 3831 total; offsets vs cam1: cam2=0us cam3=-1us cam4=33332us
[INFO] [1787956766.507137596] [argus_capture]: sets 20965, worst skew 33334 us in the last window (limit 1000 us), over-limit sets 3854 total; offsets vs cam1: cam2=0us cam3=0us cam4=0us
[INFO] [1787956771.512950745] [argus_capture]: sets 21104, worst skew 33338 us in the last window (limit 1000 us), over-limit sets 3886 total; offsets vs cam1: cam2=-33333us cam3=-1us cam4=0us
[INFO] [1787956776.543604675] [argus_capture]: sets 21245, worst skew 66665 us in the last window (limit 1000 us), over-limit sets 3914 total; offsets vs cam1: cam2=0us cam3=0us cam4=0us
[INFO] [1787956781.548372242] [argus_capture]: sets 21386, worst skew 33337 us in the last window (limit 1000 us), over-limit sets 3939 total; offsets vs cam1: cam2=0us cam3=-1us cam4=0us
[INFO] [1787956786.561765528] [argus_capture]: sets 21526, worst skew 66665 us in the last window (limit 1000 us), over-limit sets 3966 total; offsets vs cam1: cam2=0us cam3=-1us cam4=0us
[INFO] [1787956791.591842548] [argus_capture]: sets 21668, worst skew 33334 us in the last window (limit 1000 us), over-limit sets 3991 total; offsets vs cam1: cam2=0us cam3=0us cam4=0us
[INFO] [1787956796.628838396] [argus_capture]: sets 21808, worst skew 33338 us in the last window (limit 1000 us), over-limit sets 4020 total; offsets vs cam1: cam2=0us cam3=0us cam4=0us
[INFO] [1787956801.635440790] [argus_capture]: sets 21949, worst skew 66665 us in the last window (limit 1000 us), over-limit sets 4046 total; offsets vs cam1: cam2=0us cam3=0us cam4=-33332us
[INFO] [1787956806.643081942] [argus_capture]: sets 22090, worst skew 33333 us in the last window (limit 1000 us), over-limit sets 4070 total; offsets vs cam1: cam2=0us cam3=0us cam4=0us
[INFO] [1787956811.655448967] [argus_capture]: sets 22230, worst skew 33333 us in the last window (limit 1000 us), over-limit sets 4100 total; offsets vs cam1: cam2=0us cam3=-1us cam4=0us
[INFO] [1787956816.657410401] [argus_capture]: sets 22371, worst skew 33333 us in the last window (limit 1000 us), over-limit sets 4126 total; offsets vs cam1: cam2=0us cam3=0us cam4=0us
[INFO] [1787956821.687986674] [argus_capture]: sets 22512, worst skew 33338 us in the last window (limit 1000 us), over-limit sets 4150 total; offsets vs cam1: cam2=0us cam3=0us cam4=0us
[INFO] [1787956826.716985645] [argus_capture]: sets 22651, worst skew 66665 us in the last window (limit 1000 us), over-limit sets 4182 total; offsets vs cam1: cam2=0us cam3=0us cam4=0us
[INFO] [1787956831.743512874] [argus_capture]: sets 22794, worst skew 33338 us in the last window (limit 1000 us), over-limit sets 4204 total; offsets vs cam1: cam2=1us cam3=-33333us cam4=1us
[INFO] [1787956836.762892628] [argus_capture]: sets 22936, worst skew 33337 us in the last window (limit 1000 us), over-limit sets 4229 total; offsets vs cam1: cam2=0us cam3=0us cam4=0us
[INFO] [1787956841.795905902] [argus_capture]: sets 23077, worst skew 33337 us in the last window (limit 1000 us), over-limit sets 4257 total; offsets vs cam1: cam2=0us cam3=0us cam4=0us
[INFO] [1787956846.819046425] [argus_capture]: sets 23219, worst skew 33333 us in the last window (limit 1000 us), over-limit sets 4280 total; offsets vs cam1: cam2=0us cam3=-1us cam4=0us
[INFO] [1787956851.837904459] [argus_capture]: sets 23360, worst skew 33333 us in the last window (limit 1000 us), over-limit sets 4305 total; offsets vs cam1: cam2=0us cam3=0us cam4=0us
[INFO] [1787956856.873850360] [argus_capture]: sets 23503, worst skew 33338 us in the last window (limit 1000 us), over-limit sets 4327 total; offsets vs cam1: cam2=0us cam3=33332us cam4=0us
[INFO] [1787956861.887671884] [argus_capture]: sets 23642, worst skew 33333 us in the last window (limit 1000 us), over-limit sets 4359 total; offsets vs cam1: cam2=33333us cam3=0us cam4=0us
[INFO] [1787956866.887805247] [argus_capture]: sets 23782, worst skew 33337 us in the last window (limit 1000 us), over-limit sets 4386 total; offsets vs cam1: cam2=0us cam3=0us cam4=0us
[INFO] [1787956871.905630578] [argus_capture]: sets 23922, worst skew 33337 us in the last window (limit 1000 us), over-limit sets 4413 total; offsets vs cam1: cam2=0us cam3=-33333us cam4=0us
[INFO] [1787956876.936085192] [argus_capture]: sets 24064, worst skew 33333 us in the last window (limit 1000 us), over-limit sets 4437 total; offsets vs cam1: cam2=0us cam3=0us cam4=0us
[INFO] [1787956881.961359712] [argus_capture]: sets 24204, worst skew 33338 us in the last window (limit 1000 us), over-limit sets 4467 total; offsets vs cam1: cam2=0us cam3=0us cam4=0us
[INFO] [1787956886.992096142] [argus_capture]: sets 24344, worst skew 33338 us in the last window (limit 1000 us), over-limit sets 4497 total; offsets vs cam1: cam2=-33332us cam3=0us cam4=0us
[INFO] [1787956892.001539142] [argus_capture]: sets 24483, worst skew 33338 us in the last window (limit 1000 us), over-limit sets 4529 total; offsets vs cam1: cam2=0us cam3=-1us cam4=33332us
[INFO] [1787956897.029221728] [argus_capture]: sets 24624, worst skew 33338 us in the last window (limit 1000 us), over-limit sets 4556 total; offsets vs cam1: cam2=0us cam3=0us cam4=0us
[INFO] [1787956902.044557675] [argus_capture]: sets 24765, worst skew 33338 us in the last window (limit 1000 us), over-limit sets 4585 total; offsets vs cam1: cam2=0us cam3=-33333us cam4=0us
[INFO] [1787956907.074877334] [argus_capture]: sets 24906, worst skew 33338 us in the last window (limit 1000 us), over-limit sets 4613 total; offsets vs cam1: cam2=0us cam3=-1us cam4=0us
[INFO] [1787956912.082122840] [argus_capture]: sets 25045, worst skew 33337 us in the last window (limit 1000 us), over-limit sets 4643 total; offsets vs cam1: cam2=0us cam3=0us cam4=0us
[INFO] [1787956917.104374811] [argus_capture]: sets 25187, worst skew 66665 us in the last window (limit 1000 us), over-limit sets 4668 total; offsets vs cam1: cam2=0us cam3=-1us cam4=0us
[INFO] [1787956922.110766084] [argus_capture]: sets 25326, worst skew 66665 us in the last window (limit 1000 us), over-limit sets 4698 total; offsets vs cam1: cam2=0us cam3=0us cam4=0us
[INFO] [1787956927.132599787] [argus_capture]: sets 25464, worst skew 33338 us in the last window (limit 1000 us), over-limit sets 4734 total; offsets vs cam1: cam2=0us cam3=-1us cam4=0us
[INFO] [1787956932.154196230] [argus_capture]: sets 25604, worst skew 33334 us in the last window (limit 1000 us), over-limit sets 4763 total; offsets vs cam1: cam2=33332us cam3=-1us cam4=-1us
[INFO] [1787956937.174871758] [argus_capture]: sets 25744, worst skew 33333 us in the last window (limit 1000 us), over-limit sets 4790 total; offsets vs cam1: cam2=0us cam3=-33333us cam4=0us
[INFO] [1787956942.202445756] [argus_capture]: sets 25885, worst skew 33338 us in the last window (limit 1000 us), over-limit sets 4815 total; offsets vs cam1: cam2=0us cam3=-1us cam4=-33333us
[INFO] [1787956947.212353116] [argus_capture]: sets 26028, worst skew 33333 us in the last window (limit 1000 us), over-limit sets 4835 total; offsets vs cam1: cam2=0us cam3=0us cam4=0us
[INFO] [1787956952.224582857] [argus_capture]: sets 26170, worst skew 33338 us in the last window (limit 1000 us), over-limit sets 4858 total; offsets vs cam1: cam2=0us cam3=0us cam4=0us
[INFO] [1787956957.251470160] [argus_capture]: sets 26311, worst skew 33337 us in the last window (limit 1000 us), over-limit sets 4883 total; offsets vs cam1: cam2=0us cam3=0us cam4=0us
[INFO] [1787956962.287143439] [argus_capture]: sets 26452, worst skew 66665 us in the last window (limit 1000 us), over-limit sets 4909 total; offsets vs cam1: cam2=4us cam3=4us cam4=4us
[INFO] [1787956967.310128084] [argus_capture]: sets 26595, worst skew 33333 us in the last window (limit 1000 us), over-limit sets 4930 total; offsets vs cam1: cam2=0us cam3=0us cam4=0us
[INFO] [1787956972.325742269] [argus_capture]: sets 26737, worst skew 33334 us in the last window (limit 1000 us), over-limit sets 4955 total; offsets vs cam1: cam2=0us cam3=0us cam4=0us
[INFO] [1787956977.342779340] [argus_capture]: sets 26877, worst skew 66665 us in the last window (limit 1000 us), over-limit sets 4984 total; offsets vs cam1: cam2=0us cam3=0us cam4=0us
[INFO] [1787956982.343108084] [argus_capture]: sets 27016, worst skew 66665 us in the last window (limit 1000 us), over-limit sets 5012 total; offsets vs cam1: cam2=0us cam3=0us cam4=0us
[INFO] [1787956987.357040554] [argus_capture]: sets 27156, worst skew 33334 us in the last window (limit 1000 us), over-limit sets 5041 total; offsets vs cam1: cam2=0us cam3=0us cam4=0us
[INFO] [1787956992.366566593] [argus_capture]: sets 27299, worst skew 33338 us in the last window (limit 1000 us), over-limit sets 5060 total; offsets vs cam1: cam2=0us cam3=0us cam4=0us
[INFO] [1787956997.376707186] [argus_capture]: sets 27440, worst skew 33338 us in the last window (limit 1000 us), over-limit sets 5089 total; offsets vs cam1: cam2=0us cam3=0us cam4=0us
[INFO] [1787957002.408161383] [argus_capture]: sets 27582, worst skew 33333 us in the last window (limit 1000 us), over-limit sets 5114 total; offsets vs cam1: cam2=0us cam3=0us cam4=0us
[INFO] [1787957007.414932700] [argus_capture]: sets 27724, worst skew 66665 us in the last window (limit 1000 us), over-limit sets 5136 total; offsets vs cam1: cam2=0us cam3=0us cam4=0us
[INFO] [1787957012.426295830] [argus_capture]: sets 27863, worst skew 66665 us in the last window (limit 1000 us), over-limit sets 5167 total; offsets vs cam1: cam2=0us cam3=0us cam4=0us
[INFO] [1787957017.445481499] [argus_capture]: sets 28006, worst skew 33334 us in the last window (limit 1000 us), over-limit sets 5187 total; offsets vs cam1: cam2=0us cam3=33332us cam4=0us
[INFO] [1787957022.478153769] [argus_capture]: sets 28149, worst skew 33338 us in the last window (limit 1000 us), over-limit sets 5210 total; offsets vs cam1: cam2=0us cam3=0us cam4=0us
[INFO] [1787957027.494583284] [argus_capture]: sets 28290, worst skew 33338 us in the last window (limit 1000 us), over-limit sets 5234 total; offsets vs cam1: cam2=0us cam3=0us cam4=0us
[INFO] [1787957032.496618705] [argus_capture]: sets 28431, worst skew 66665 us in the last window (limit 1000 us), over-limit sets 5260 total; offsets vs cam1: cam2=0us cam3=0us cam4=-33332us
[INFO] [1787957037.502111208] [argus_capture]: sets 28571, worst skew 33334 us in the last window (limit 1000 us), over-limit sets 5285 total; offsets vs cam1: cam2=0us cam3=0us cam4=0us
[INFO] [1787957042.535042052] [argus_capture]: sets 28711, worst skew 33338 us in the last window (limit 1000 us), over-limit sets 5317 total; offsets vs cam1: cam2=0us cam3=0us cam4=-33333us
[INFO] [1787957047.564069543] [argus_capture]: sets 28851, worst skew 66665 us in the last window (limit 1000 us), over-limit sets 5348 total; offsets vs cam1: cam2=0us cam3=-1us cam4=0us
[INFO] [1787957052.576580453] [argus_capture]: sets 28991, worst skew 33338 us in the last window (limit 1000 us), over-limit sets 5376 total; offsets vs cam1: cam2=0us cam3=-33333us cam4=0us
[INFO] [1787957057.605587213] [argus_capture]: sets 29131, worst skew 33333 us in the last window (limit 1000 us), over-limit sets 5405 total; offsets vs cam1: cam2=0us cam3=-1us cam4=-1us
[INFO] [1787957062.605727746] [argus_capture]: sets 29270, worst skew 33338 us in the last window (limit 1000 us), over-limit sets 5436 total; offsets vs cam1: cam2=0us cam3=0us cam4=0us
[INFO] [1787957067.627703486] [argus_capture]: sets 29411, worst skew 33338 us in the last window (limit 1000 us), over-limit sets 5463 total; offsets vs cam1: cam2=0us cam3=-1us cam4=0us
[INFO] [1787957072.632350986] [argus_capture]: sets 29551, worst skew 33333 us in the last window (limit 1000 us), over-limit sets 5491 total; offsets vs cam1: cam2=0us cam3=-1us cam4=0us
[INFO] [1787957077.634912238] [argus_capture]: sets 29690, worst skew 33333 us in the last window (limit 1000 us), over-limit sets 5522 total; offsets vs cam1: cam2=0us cam3=0us cam4=-33333us
[INFO] [1787957082.667064240] [argus_capture]: sets 29831, worst skew 33333 us in the last window (limit 1000 us), over-limit sets 5549 total; offsets vs cam1: cam2=0us cam3=0us cam4=0us
[INFO] [1787957087.668400680] [argus_capture]: sets 29973, worst skew 66665 us in the last window (limit 1000 us), over-limit sets 5574 total; offsets vs cam1: cam2=0us cam3=-33333us cam4=0us
[INFO] [1787957092.705278495] [argus_capture]: sets 30114, worst skew 33338 us in the last window (limit 1000 us), over-limit sets 5603 total; offsets vs cam1: cam2=0us cam3=-1us cam4=0us
[INFO] [1787957097.732396313] [argus_capture]: sets 30253, worst skew 33333 us in the last window (limit 1000 us), over-limit sets 5633 total; offsets vs cam1: cam2=0us cam3=0us cam4=0us
[INFO] [1787957102.755861758] [argus_capture]: sets 30394, worst skew 33338 us in the last window (limit 1000 us), over-limit sets 5661 total; offsets vs cam1: cam2=0us cam3=0us cam4=0us
[INFO] [1787957107.770382509] [argus_capture]: sets 30535, worst skew 66665 us in the last window (limit 1000 us), over-limit sets 5686 total; offsets vs cam1: cam2=0us cam3=0us cam4=0us
[INFO] [1787957112.799115115] [argus_capture]: sets 30678, worst skew 66665 us in the last window (limit 1000 us), over-limit sets 5707 total; offsets vs cam1: cam2=0us cam3=-1us cam4=0us
[INFO] [1787957117.801673970] [argus_capture]: sets 30817, worst skew 66665 us in the last window (limit 1000 us), over-limit sets 5736 total; offsets vs cam1: cam2=0us cam3=0us cam4=0us
[INFO] [1787957122.820508799] [argus_capture]: sets 30957, worst skew 33337 us in the last window (limit 1000 us), over-limit sets 5765 total; offsets vs cam1: cam2=0us cam3=0us cam4=0us
[INFO] [1787957127.829751056] [argus_capture]: sets 31100, worst skew 33334 us in the last window (limit 1000 us), over-limit sets 5787 total; offsets vs cam1: cam2=0us cam3=0us cam4=-33332us
[INFO] [1787957132.834080027] [argus_capture]: sets 31242, worst skew 66665 us in the last window (limit 1000 us), over-limit sets 5807 total; offsets vs cam1: cam2=0us cam3=-1us cam4=0us
[INFO] [1787957137.842151455] [argus_capture]: sets 31382, worst skew 66665 us in the last window (limit 1000 us), over-limit sets 5838 total; offsets vs cam1: cam2=33332us cam3=-1us cam4=0us
[INFO] [1787957142.855793681] [argus_capture]: sets 31524, worst skew 33333 us in the last window (limit 1000 us), over-limit sets 5862 total; offsets vs cam1: cam2=0us cam3=-1us cam4=0us
[INFO] [1787957147.873229341] [argus_capture]: sets 31666, worst skew 33333 us in the last window (limit 1000 us), over-limit sets 5886 total; offsets vs cam1: cam2=0us cam3=33332us cam4=0us
[INFO] [1787957152.883884584] [argus_capture]: sets 31815, worst skew 33333 us in the last window (limit 1000 us), over-limit sets 5889 total; offsets vs cam1: cam2=0us cam3=-1us cam4=0us
[INFO] [1787957157.887472950] [argus_capture]: sets 31965, worst skew 5 us in the last window (limit 1000 us), over-limit sets 5889 total; offsets vs cam1: cam2=0us cam3=-1us cam4=0us
[INFO] [1787957162.890568621] [argus_capture]: sets 32115, worst skew 5 us in the last window (limit 1000 us), over-limit sets 5889 total; offsets vs cam1: cam2=0us cam3=-1us cam4=0us
[INFO] [1787957167.918536872] [argus_capture]: sets 32266, worst skew 5 us in the last window (limit 1000 us), over-limit sets 5889 total; offsets vs cam1: cam2=0us cam3=-1us cam4=0us
[INFO] [1787957172.935114769] [argus_capture]: sets 32416, worst skew 33333 us in the last window (limit 1000 us), over-limit sets 5891 total; offsets vs cam1: cam2=0us cam3=0us cam4=0us
[INFO] [1787957177.935641077] [argus_capture]: sets 32556, worst skew 33338 us in the last window (limit 1000 us), over-limit sets 5918 total; offsets vs cam1: cam2=0us cam3=0us cam4=0us
[INFO] [1787957182.936157223] [argus_capture]: sets 32697, worst skew 66665 us in the last window (limit 1000 us), over-limit sets 5944 total; offsets vs cam1: cam2=0us cam3=0us cam4=-33332us
[INFO] [1787957187.957959444] [argus_capture]: sets 32837, worst skew 33338 us in the last window (limit 1000 us), over-limit sets 5973 total; offsets vs cam1: cam2=0us cam3=0us cam4=0us
[INFO] [1787957192.961520415] [argus_capture]: sets 32976, worst skew 33334 us in the last window (limit 1000 us), over-limit sets 6003 total; offsets vs cam1: cam2=0us cam3=0us cam4=0us
[INFO] [1787957197.967757531] [argus_capture]: sets 33116, worst skew 33338 us in the last window (limit 1000 us), over-limit sets 6030 total; offsets vs cam1: cam2=0us cam3=-1us cam4=0us
[INFO] [1787957202.977424937] [argus_capture]: sets 33256, worst skew 66665 us in the last window (limit 1000 us), over-limit sets 6057 total; offsets vs cam1: cam2=0us cam3=-1us cam4=0us
[INFO] [1787957207.984706599] [argus_capture]: sets 33396, worst skew 33338 us in the last window (limit 1000 us), over-limit sets 6087 total; offsets vs cam1: cam2=33332us cam3=-1us cam4=0us
[INFO] [1787957213.003035345] [argus_capture]: sets 33537, worst skew 66665 us in the last window (limit 1000 us), over-limit sets 6113 total; offsets vs cam1: cam2=0us cam3=0us cam4=0us
[INFO] [1787957218.020804067] [argus_capture]: sets 33677, worst skew 33334 us in the last window (limit 1000 us), over-limit sets 6139 total; offsets vs cam1: cam2=0us cam3=0us cam4=0us
[INFO] [1787957223.021339518] [argus_capture]: sets 33817, worst skew 33338 us in the last window (limit 1000 us), over-limit sets 6164 total; offsets vs cam1: cam2=0us cam3=-1us cam4=0us
[INFO] [1787957228.039450603] [argus_capture]: sets 33960, worst skew 33333 us in the last window (limit 1000 us), over-limit sets 6185 total; offsets vs cam1: cam2=0us cam3=-33333us cam4=0us
[INFO] [1787957233.052292747] [argus_capture]: sets 34100, worst skew 33337 us in the last window (limit 1000 us), over-limit sets 6214 total; offsets vs cam1: cam2=0us cam3=0us cam4=0us
[INFO] [1787957238.082173527] [argus_capture]: sets 34241, worst skew 33333 us in the last window (limit 1000 us), over-limit sets 6241 total; offsets vs cam1: cam2=0us cam3=0us cam4=0us
[INFO] [1787957243.101786938] [argus_capture]: sets 34382, worst skew 33338 us in the last window (limit 1000 us), over-limit sets 6268 total; offsets vs cam1: cam2=0us cam3=-5us cam4=0us
[INFO] [1787957248.116961819] [argus_capture]: sets 34524, worst skew 33334 us in the last window (limit 1000 us), over-limit sets 6292 total; offsets vs cam1: cam2=0us cam3=0us cam4=0us
[INFO] [1787957253.126646504] [argus_capture]: sets 34663, worst skew 33338 us in the last window (limit 1000 us), over-limit sets 6323 total; offsets vs cam1: cam2=0us cam3=0us cam4=0us
[INFO] [1787957258.132746424] [argus_capture]: sets 34803, worst skew 33333 us in the last window (limit 1000 us), over-limit sets 6351 total; offsets vs cam1: cam2=0us cam3=0us cam4=-33332us
[INFO] [1787957263.154035235] [argus_capture]: sets 34944, worst skew 33338 us in the last window (limit 1000 us), over-limit sets 6379 total; offsets vs cam1: cam2=0us cam3=-1us cam4=0us
[INFO] [1787957268.188200839] [argus_capture]: sets 35086, worst skew 66665 us in the last window (limit 1000 us), over-limit sets 6401 total; offsets vs cam1: cam2=0us cam3=-1us cam4=0us
[INFO] [1787957273.202656282] [argus_capture]: sets 35226, worst skew 33338 us in the last window (limit 1000 us), over-limit sets 6432 total; offsets vs cam1: cam2=1us cam3=0us cam4=1us
[INFO] [1787957278.218788493] [argus_capture]: sets 35368, worst skew 33337 us in the last window (limit 1000 us), over-limit sets 6457 total; offsets vs cam1: cam2=0us cam3=-1us cam4=0us
[INFO] [1787957283.234799814] [argus_capture]: sets 35509, worst skew 33333 us in the last window (limit 1000 us), over-limit sets 6483 total; offsets vs cam1: cam2=0us cam3=0us cam4=0us
[INFO] [1787957288.242568595] [argus_capture]: sets 35649, worst skew 33338 us in the last window (limit 1000 us), over-limit sets 6515 total; offsets vs cam1: cam2=0us cam3=0us cam4=0us
[INFO] [1787957293.261414434] [argus_capture]: sets 35791, worst skew 33338 us in the last window (limit 1000 us), over-limit sets 6537 total; offsets vs cam1: cam2=0us cam3=0us cam4=0us
[INFO] [1787957298.272163395] [argus_capture]: sets 35931, worst skew 33338 us in the last window (limit 1000 us), over-limit sets 6569 total; offsets vs cam1: cam2=0us cam3=0us cam4=0us
[INFO] [1787957303.297204467] [argus_capture]: sets 36072, worst skew 33338 us in the last window (limit 1000 us), over-limit sets 6595 total; offsets vs cam1: cam2=0us cam3=0us cam4=0us
[INFO] [1787957308.323610937] [argus_capture]: sets 36213, worst skew 33334 us in the last window (limit 1000 us), over-limit sets 6623 total; offsets vs cam1: cam2=0us cam3=0us cam4=0us
[INFO] [1787957313.347315344] [argus_capture]: sets 36355, worst skew 66665 us in the last window (limit 1000 us), over-limit sets 6643 total; offsets vs cam1: cam2=0us cam3=-33333us cam4=0us
[INFO] [1787957318.350752329] [argus_capture]: sets 36496, worst skew 33338 us in the last window (limit 1000 us), over-limit sets 6669 total; offsets vs cam1: cam2=0us cam3=0us cam4=0us
[INFO] [1787957323.363268951] [argus_capture]: sets 36638, worst skew 33334 us in the last window (limit 1000 us), over-limit sets 6692 total; offsets vs cam1: cam2=1us cam3=0us cam4=1us
[INFO] [1787957328.402188345] [argus_capture]: sets 36778, worst skew 33333 us in the last window (limit 1000 us), over-limit sets 6718 total; offsets vs cam1: cam2=0us cam3=-1us cam4=0us
[INFO] [1787957333.404204546] [argus_capture]: sets 36918, worst skew 33333 us in the last window (limit 1000 us), over-limit sets 6745 total; offsets vs cam1: cam2=0us cam3=-33333us cam4=0us
[INFO] [1787957338.434248086] [argus_capture]: sets 37059, worst skew 33338 us in the last window (limit 1000 us), over-limit sets 6770 total; offsets vs cam1: cam2=0us cam3=0us cam4=0us
[INFO] [1787957343.452504458] [argus_capture]: sets 37201, worst skew 33334 us in the last window (limit 1000 us), over-limit sets 6796 total; offsets vs cam1: cam2=0us cam3=-1us cam4=0us
[INFO] [1787957348.484226052] [argus_capture]: sets 37342, worst skew 33338 us in the last window (limit 1000 us), over-limit sets 6819 total; offsets vs cam1: cam2=0us cam3=0us cam4=0us
[INFO] [1787957353.488700921] [argus_capture]: sets 37484, worst skew 33333 us in the last window (limit 1000 us), over-limit sets 6841 total; offsets vs cam1: cam2=0us cam3=0us cam4=0us
[INFO] [1787957358.519087077] [argus_capture]: sets 37625, worst skew 33337 us in the last window (limit 1000 us), over-limit sets 6868 total; offsets vs cam1: cam2=0us cam3=0us cam4=0us
[INFO] [1787957363.547489840] [argus_capture]: sets 37768, worst skew 33333 us in the last window (limit 1000 us), over-limit sets 6890 total; offsets vs cam1: cam2=0us cam3=0us cam4=0us
[INFO] [1787957368.549518787] [argus_capture]: sets 37907, worst skew 33334 us in the last window (limit 1000 us), over-limit sets 6919 total; offsets vs cam1: cam2=0us cam3=0us cam4=0us
[INFO] [1787957373.556523857] [argus_capture]: sets 38047, worst skew 66665 us in the last window (limit 1000 us), over-limit sets 6948 total; offsets vs cam1: cam2=0us cam3=0us cam4=0us
[INFO] [1787957378.580434531] [argus_capture]: sets 38186, worst skew 33333 us in the last window (limit 1000 us), over-limit sets 6980 total; offsets vs cam1: cam2=0us cam3=33332us cam4=0us
[INFO] [1787957383.609469039] [argus_capture]: sets 38326, worst skew 66665 us in the last window (limit 1000 us), over-limit sets 7009 total; offsets vs cam1: cam2=0us cam3=0us cam4=0us
[INFO] [1787957388.640700665] [argus_capture]: sets 38466, worst skew 66665 us in the last window (limit 1000 us), over-limit sets 7038 total; offsets vs cam1: cam2=0us cam3=-33333us cam4=0us
[INFO] [1787957393.641193310] [argus_capture]: sets 38607, worst skew 33337 us in the last window (limit 1000 us), over-limit sets 7062 total; offsets vs cam1: cam2=0us cam3=33332us cam4=0us
[INFO] [1787957398.663505709] [argus_capture]: sets 38747, worst skew 33333 us in the last window (limit 1000 us), over-limit sets 7089 total; offsets vs cam1: cam2=0us cam3=0us cam4=0us
[INFO] [1787957403.675626536] [argus_capture]: sets 38887, worst skew 66665 us in the last window (limit 1000 us), over-limit sets 7114 total; offsets vs cam1: cam2=0us cam3=33332us cam4=0us
[INFO] [1787957408.703660378] [argus_capture]: sets 39028, worst skew 66666 us in the last window (limit 1000 us), over-limit sets 7138 total; offsets vs cam1: cam2=0us cam3=0us cam4=0us
[INFO] [1787957413.730650218] [argus_capture]: sets 39171, worst skew 33336 us in the last window (limit 1000 us), over-limit sets 7160 total; offsets vs cam1: cam2=0us cam3=0us cam4=0us
[INFO] [1787957418.744299493] [argus_capture]: sets 39312, worst skew 33337 us in the last window (limit 1000 us), over-limit sets 7185 total; offsets vs cam1: cam2=0us cam3=0us cam4=0us
[INFO] [1787957423.755039503] [argus_capture]: sets 39453, worst skew 33333 us in the last window (limit 1000 us), over-limit sets 7209 total; offsets vs cam1: cam2=0us cam3=0us cam4=0us
[INFO] [1787957428.781421830] [argus_capture]: sets 39592, worst skew 66665 us in the last window (limit 1000 us), over-limit sets 7241 total; offsets vs cam1: cam2=0us cam3=0us cam4=0us
[INFO] [1787957433.783937152] [argus_capture]: sets 39732, worst skew 33333 us in the last window (limit 1000 us), over-limit sets 7272 total; offsets vs cam1: cam2=0us cam3=0us cam4=0us
[INFO] [1787957438.820646588] [argus_capture]: sets 39874, worst skew 33333 us in the last window (limit 1000 us), over-limit sets 7296 total; offsets vs cam1: cam2=0us cam3=-1us cam4=0us
[INFO] [1787957443.840536164] [argus_capture]: sets 40017, worst skew 33337 us in the last window (limit 1000 us), over-limit sets 7319 total; offsets vs cam1: cam2=0us cam3=0us cam4=0us
[INFO] [1787957448.882469684] [argus_capture]: sets 40158, worst skew 66665 us in the last window (limit 1000 us), over-limit sets 7345 total; offsets vs cam1: cam2=0us cam3=0us cam4=1us
[INFO] [1787957453.911084361] [argus_capture]: sets 40299, worst skew 33337 us in the last window (limit 1000 us), over-limit sets 7374 total; offsets vs cam1: cam2=0us cam3=0us cam4=0us
[INFO] [1787957458.940179072] [argus_capture]: sets 40441, worst skew 33337 us in the last window (limit 1000 us), over-limit sets 7396 total; offsets vs cam1: cam2=4us cam3=3us cam4=4us
[INFO] [1787957463.947055303] [argus_capture]: sets 40587, worst skew 33333 us in the last window (limit 1000 us), over-limit sets 7410 total; offsets vs cam1: cam2=-3us cam3=0us cam4=1us
[INFO] [1787957468.976624799] [argus_capture]: sets 40738, worst skew 4 us in the last window (limit 1000 us), over-limit sets 7410 total; offsets vs cam1: cam2=0us cam3=0us cam4=0us
[INFO] [1787957474.010144750] [argus_capture]: sets 40885, worst skew 33333 us in the last window (limit 1000 us), over-limit sets 7420 total; offsets vs cam1: cam2=0us cam3=33332us cam4=0us
[INFO] [1787957479.017195806] [argus_capture]: sets 41027, worst skew 33337 us in the last window (limit 1000 us), over-limit sets 7444 total; offsets vs cam1: cam2=0us cam3=0us cam4=0us
[INFO] [1787957484.041436139] [argus_capture]: sets 41168, worst skew 66665 us in the last window (limit 1000 us), over-limit sets 7469 total; offsets vs cam1: cam2=0us cam3=0us cam4=0us
[INFO] [1787957489.072325557] [argus_capture]: sets 41310, worst skew 33337 us in the last window (limit 1000 us), over-limit sets 7496 total; offsets vs cam1: cam2=0us cam3=0us cam4=0us
[INFO] [1787957494.096230192] [argus_capture]: sets 41451, worst skew 33337 us in the last window (limit 1000 us), over-limit sets 7524 total; offsets vs cam1: cam2=0us cam3=-1us cam4=0us
[INFO] [1787957499.115364405] [argus_capture]: sets 41594, worst skew 33337 us in the last window (limit 1000 us), over-limit sets 7547 total; offsets vs cam1: cam2=0us cam3=-1us cam4=-1us
[INFO] [1787957504.155266583] [argus_capture]: sets 41735, worst skew 33336 us in the last window (limit 1000 us), over-limit sets 7574 total; offsets vs cam1: cam2=0us cam3=0us cam4=0us
[INFO] [1787957509.180885218] [argus_capture]: sets 41876, worst skew 66666 us in the last window (limit 1000 us), over-limit sets 7600 total; offsets vs cam1: cam2=0us cam3=0us cam4=0us
[INFO] [1787957514.188658143] [argus_capture]: sets 42016, worst skew 66665 us in the last window (limit 1000 us), over-limit sets 7626 total; offsets vs cam1: cam2=0us cam3=0us cam4=0us
[INFO] [1787957519.204992316] [argus_capture]: sets 42157, worst skew 33336 us in the last window (limit 1000 us), over-limit sets 7651 total; offsets vs cam1: cam2=0us cam3=0us cam4=-33333us
[INFO] [1787957524.227657350] [argus_capture]: sets 42297, worst skew 33337 us in the last window (limit 1000 us), over-limit sets 7683 total; offsets vs cam1: cam2=0us cam3=0us cam4=0us
[INFO] [1787957529.251749397] [argus_capture]: sets 42439, worst skew 33337 us in the last window (limit 1000 us), over-limit sets 7707 total; offsets vs cam1: cam2=0us cam3=0us cam4=0us
[INFO] [1787957534.264714790] [argus_capture]: sets 42579, worst skew 66665 us in the last window (limit 1000 us), over-limit sets 7737 total; offsets vs cam1: cam2=0us cam3=0us cam4=-33333us
[INFO] [1787957539.281462860] [argus_capture]: sets 42722, worst skew 33333 us in the last window (limit 1000 us), over-limit sets 7758 total; offsets vs cam1: cam2=0us cam3=0us cam4=0us
[INFO] [1787957544.294886625] [argus_capture]: sets 42864, worst skew 33334 us in the last window (limit 1000 us), over-limit sets 7781 total; offsets vs cam1: cam2=0us cam3=-1us cam4=-33333us
[INFO] [1787957549.319311662] [argus_capture]: sets 43004, worst skew 33337 us in the last window (limit 1000 us), over-limit sets 7811 total; offsets vs cam1: cam2=0us cam3=0us cam4=0us
[INFO] [1787957554.341887193] [argus_capture]: sets 43149, worst skew 33337 us in the last window (limit 1000 us), over-limit sets 7825 total; offsets vs cam1: cam2=0us cam3=0us cam4=0us
[INFO] [1787957559.344894228] [argus_capture]: sets 43299, worst skew 5 us in the last window (limit 1000 us), over-limit sets 7825 total; offsets vs cam1: cam2=0us cam3=0us cam4=0us
[INFO] [1787957564.345018113] [argus_capture]: sets 43449, worst skew 4 us in the last window (limit 1000 us), over-limit sets 7825 total; offsets vs cam1: cam2=0us cam3=-1us cam4=0us
[INFO] [1787957569.378088821] [argus_capture]: sets 43600, worst skew 4 us in the last window (limit 1000 us), over-limit sets 7825 total; offsets vs cam1: cam2=0us cam3=-1us cam4=0us
[INFO] [1787957574.382632834] [argus_capture]: sets 43750, worst skew 4 us in the last window (limit 1000 us), over-limit sets 7825 total; offsets vs cam1: cam2=0us cam3=0us cam4=0us
[INFO] [1787957579.388080640] [argus_capture]: sets 43900, worst skew 4 us in the last window (limit 1000 us), over-limit sets 7825 total; offsets vs cam1: cam2=0us cam3=-1us cam4=0us
[INFO] [1787957584.411771160] [argus_capture]: sets 44050, worst skew 33333 us in the last window (limit 1000 us), over-limit sets 7827 total; offsets vs cam1: cam2=0us cam3=0us cam4=0us
[INFO] [1787957589.444107466] [argus_capture]: sets 44201, worst skew 4 us in the last window (limit 1000 us), over-limit sets 7827 total; offsets vs cam1: cam2=0us cam3=0us cam4=0us
[INFO] [1787957594.446158274] [argus_capture]: sets 44351, worst skew 5 us in the last window (limit 1000 us), over-limit sets 7827 total; offsets vs cam1: cam2=0us cam3=0us cam4=0us
