[INFO] [1787952641.228214431] [bev_imu]: MPU-9250 WHO_AM_I=0x71 on /dev/spidev1.0, INT gpio-298 (falling edge, /dev/gpiochip1 offset 42), CLOCK_MONOTONIC
[INFO] [1787952641.228540257] [bev_imu]: rate 200.00 Hz, gyro +/-500 dps DLPF 184 Hz (group delay 2.90 ms), accel +/-4 g DLPF 218 Hz (group delay 1.88 ms)
[WARN] [1787952641.228627074] [bev_imu]: group delays are REPORTED, not applied: the gyro lags the accel by 1.02 ms. camera<->IMU offset Delta is UNMEASURED (see README 4.7)
[INFO] [1787952641.254484547] [bev_imu]: sample loop running SCHED_FIFO at priority 80
[INFO] [1787952651.236971939] [bev_imu]: 2000 samples, 4 dropped (edge seen late), 1 late reads, 0 clipped
[INFO] [1787952661.228889278] [bev_imu]: 4000 samples, 4 dropped (edge seen late), 1 late reads, 0 clipped
[INFO] [1787952671.220888990] [bev_imu]: 6000 samples, 4 dropped (edge seen late), 1 late reads, 0 clipped
[INFO] [1787952681.212767319] [bev_imu]: 8000 samples, 4 dropped (edge seen late), 1 late reads, 0 clipped
[INFO] [1787952691.204731547] [bev_imu]: 10000 samples, 4 dropped (edge seen late), 1 late reads, 0 clipped
[INFO] [1787952701.196686754] [bev_imu]: 12000 samples, 4 dropped (edge seen late), 1 late reads, 0 clipped
[INFO] [1787952711.188647526] [bev_imu]: 14000 samples, 4 dropped (edge seen late), 1 late reads, 0 clipped
[INFO] [1787952721.180605853] [bev_imu]: 16000 samples, 4 dropped (edge seen late), 1 late reads, 0 clipped
[INFO] [1787952731.172541402] [bev_imu]: 18000 samples, 4 dropped (edge seen late), 1 late reads, 0 clipped
[INFO] [1787952741.164536310] [bev_imu]: 20000 samples, 4 dropped (edge seen late), 1 late reads, 0 clipped
[INFO] [1787952751.156567725] [bev_imu]: 22000 samples, 4 dropped (edge seen late), 1 late reads, 0 clipped
[INFO] [1787952761.148585202] [bev_imu]: 24000 samples, 4 dropped (edge seen late), 1 late reads, 0 clipped
[INFO] [1787952771.140602108] [bev_imu]: 26000 samples, 4 dropped (edge seen late), 1 late reads, 0 clipped
[INFO] [1787952781.132702663] [bev_imu]: 28000 samples, 4 dropped (edge seen late), 1 late reads, 0 clipped
[INFO] [1787952791.124779371] [bev_imu]: 30000 samples, 4 dropped (edge seen late), 1 late reads, 0 clipped
[INFO] [1787952801.116944030] [bev_imu]: 32000 samples, 4 dropped (edge seen late), 1 late reads, 0 clipped
[INFO] [1787952811.109071315] [bev_imu]: 34000 samples, 4 dropped (edge seen late), 1 late reads, 0 clipped
[INFO] [1787952821.101302493] [bev_imu]: 36000 samples, 4 dropped (edge seen late), 1 late reads, 0 clipped
[INFO] [1787952831.093431610] [bev_imu]: 38000 samples, 4 dropped (edge seen late), 1 late reads, 0 clipped
[INFO] [1787952841.085627019] [bev_imu]: 40000 samples, 4 dropped (edge seen late), 1 late reads, 0 clipped
[INFO] [1787952851.077872145] [bev_imu]: 42000 samples, 4 dropped (edge seen late), 1 late reads, 0 clipped
[INFO] [1787952861.070115455] [bev_imu]: 44000 samples, 4 dropped (edge seen late), 1 late reads, 0 clipped
[INFO] [1787952871.062399752] [bev_imu]: 46000 samples, 4 dropped (edge seen late), 1 late reads, 0 clipped
[INFO] [1787952881.054638754] [bev_imu]: 48000 samples, 4 dropped (edge seen late), 1 late reads, 0 clipped
[INFO] [1787952891.046932588] [bev_imu]: 50000 samples, 4 dropped (edge seen late), 1 late reads, 0 clipped
[INFO] [1787952901.039227993] [bev_imu]: 52000 samples, 4 dropped (edge seen late), 1 late reads, 0 clipped
[INFO] [1787952911.031542891] [bev_imu]: 54000 samples, 4 dropped (edge seen late), 1 late reads, 0 clipped
[INFO] [1787952921.023881336] [bev_imu]: 56000 samples, 4 dropped (edge seen late), 1 late reads, 0 clipped
[INFO] [1787952931.016206270] [bev_imu]: 58000 samples, 4 dropped (edge seen late), 1 late reads, 0 clipped
[INFO] [1787952941.008610930] [bev_imu]: 60000 samples, 4 dropped (edge seen late), 1 late reads, 0 clipped
[INFO] [1787952951.000963663] [bev_imu]: 62000 samples, 4 dropped (edge seen late), 1 late reads, 0 clipped
[INFO] [1787952960.998333536] [bev_imu]: 64000 samples, 5 dropped (edge seen late), 2 late reads, 0 clipped
[INFO] [1787952970.990661629] [bev_imu]: 66000 samples, 5 dropped (edge seen late), 2 late reads, 0 clipped
[INFO] [1787952980.983088019] [bev_imu]: 68000 samples, 5 dropped (edge seen late), 2 late reads, 0 clipped
[INFO] [1787952990.975698273] [bev_imu]: 70000 samples, 5 dropped (edge seen late), 2 late reads, 0 clipped
[INFO] [1787953000.967873363] [bev_imu]: 72000 samples, 5 dropped (edge seen late), 2 late reads, 0 clipped
[INFO] [1787953010.960208403] [bev_imu]: 74000 samples, 5 dropped (edge seen late), 2 late reads, 0 clipped
[INFO] [1787953020.952512018] [bev_imu]: 76000 samples, 5 dropped (edge seen late), 2 late reads, 0 clipped
[INFO] [1787953030.944958104] [bev_imu]: 78000 samples, 5 dropped (edge seen late), 2 late reads, 0 clipped
[INFO] [1787953040.937332307] [bev_imu]: 80000 samples, 5 dropped (edge seen late), 2 late reads, 0 clipped
[INFO] [1787953050.929729094] [bev_imu]: 82000 samples, 5 dropped (edge seen late), 2 late reads, 0 clipped
[INFO] [1787953060.922088260] [bev_imu]: 84000 samples, 5 dropped (edge seen late), 2 late reads, 0 clipped
[INFO] [1787953070.914555118] [bev_imu]: 86000 samples, 5 dropped (edge seen late), 2 late reads, 0 clipped
[INFO] [1787953080.907004705] [bev_imu]: 88000 samples, 5 dropped (edge seen late), 2 late reads, 0 clipped
[INFO] [1787953090.899431379] [bev_imu]: 90000 samples, 5 dropped (edge seen late), 2 late reads, 0 clipped
[INFO] [1787953100.891886277] [bev_imu]: 92000 samples, 5 dropped (edge seen late), 2 late reads, 0 clipped
[INFO] [1787953110.884318127] [bev_imu]: 94000 samples, 5 dropped (edge seen late), 2 late reads, 0 clipped
[INFO] [1787953120.876790285] [bev_imu]: 96000 samples, 5 dropped (edge seen late), 2 late reads, 0 clipped
[INFO] [1787953130.869290719] [bev_imu]: 98000 samples, 5 dropped (edge seen late), 2 late reads, 0 clipped
[INFO] [1787953140.861768826] [bev_imu]: 100000 samples, 5 dropped (edge seen late), 2 late reads, 0 clipped
[INFO] [1787953150.854237314] [bev_imu]: 102000 samples, 5 dropped (edge seen late), 2 late reads, 0 clipped
[INFO] [1787953160.846745906] [bev_imu]: 104000 samples, 5 dropped (edge seen late), 2 late reads, 0 clipped
[INFO] [1787953170.839232961] [bev_imu]: 106000 samples, 5 dropped (edge seen late), 2 late reads, 0 clipped
[INFO] [1787953180.831754569] [bev_imu]: 108000 samples, 5 dropped (edge seen late), 2 late reads, 0 clipped
[INFO] [1787953190.824217772] [bev_imu]: 110000 samples, 5 dropped (edge seen late), 2 late reads, 0 clipped
[INFO] [1787953200.816793769] [bev_imu]: 112000 samples, 5 dropped (edge seen late), 2 late reads, 0 clipped
[INFO] [1787953210.809348153] [bev_imu]: 114000 samples, 5 dropped (edge seen late), 2 late reads, 0 clipped
[INFO] [1787953220.801874199] [bev_imu]: 116000 samples, 5 dropped (edge seen late), 2 late reads, 0 clipped
[INFO] [1787953230.794450081] [bev_imu]: 118000 samples, 5 dropped (edge seen late), 2 late reads, 0 clipped
[INFO] [1787953240.786938358] [bev_imu]: 120000 samples, 5 dropped (edge seen late), 2 late reads, 0 clipped
[INFO] [1787953250.779564019] [bev_imu]: 122000 samples, 5 dropped (edge seen late), 2 late reads, 0 clipped
[INFO] [1787953260.772275345] [bev_imu]: 124000 samples, 5 dropped (edge seen late), 2 late reads, 0 clipped
[INFO] [1787953270.765012481] [bev_imu]: 126000 samples, 5 dropped (edge seen late), 2 late reads, 0 clipped
[INFO] [1787953280.757754429] [bev_imu]: 128000 samples, 5 dropped (edge seen late), 2 late reads, 0 clipped
[INFO] [1787953290.750523942] [bev_imu]: 130000 samples, 5 dropped (edge seen late), 2 late reads, 0 clipped
[INFO] [1787953300.743309986] [bev_imu]: 132000 samples, 5 dropped (edge seen late), 2 late reads, 0 clipped
[INFO] [1787953310.736028488] [bev_imu]: 134000 samples, 5 dropped (edge seen late), 2 late reads, 0 clipped
[INFO] [1787953320.728813185] [bev_imu]: 136000 samples, 5 dropped (edge seen late), 2 late reads, 0 clipped
[INFO] [1787953330.721541497] [bev_imu]: 138000 samples, 5 dropped (edge seen late), 2 late reads, 0 clipped
[INFO] [1787953340.714376251] [bev_imu]: 140000 samples, 5 dropped (edge seen late), 2 late reads, 0 clipped
[INFO] [1787953350.707191308] [bev_imu]: 142000 samples, 5 dropped (edge seen late), 2 late reads, 0 clipped
[INFO] [1787953360.699956626] [bev_imu]: 144000 samples, 5 dropped (edge seen late), 2 late reads, 0 clipped
[INFO] [1787953370.692735348] [bev_imu]: 146000 samples, 5 dropped (edge seen late), 2 late reads, 0 clipped
[INFO] [1787953380.685534270] [bev_imu]: 148000 samples, 5 dropped (edge seen late), 2 late reads, 0 clipped
[INFO] [1787953390.678335272] [bev_imu]: 150000 samples, 5 dropped (edge seen late), 2 late reads, 0 clipped
[INFO] [1787953400.671166942] [bev_imu]: 152000 samples, 5 dropped (edge seen late), 2 late reads, 0 clipped
[INFO] [1787953410.664026208] [bev_imu]: 154000 samples, 5 dropped (edge seen late), 2 late reads, 0 clipped
[INFO] [1787953420.656836749] [bev_imu]: 156000 samples, 5 dropped (edge seen late), 2 late reads, 0 clipped
[INFO] [1787953430.649688557] [bev_imu]: 158000 samples, 5 dropped (edge seen late), 2 late reads, 0 clipped
[INFO] [1787953440.642552416] [bev_imu]: 160000 samples, 5 dropped (edge seen late), 2 late reads, 0 clipped
[INFO] [1787953450.635444102] [bev_imu]: 162000 samples, 5 dropped (edge seen late), 2 late reads, 0 clipped
[INFO] [1787953460.628284447] [bev_imu]: 164000 samples, 5 dropped (edge seen late), 2 late reads, 0 clipped
[INFO] [1787953470.621083816] [bev_imu]: 166000 samples, 5 dropped (edge seen late), 2 late reads, 0 clipped
[INFO] [1787953480.614002659] [bev_imu]: 168000 samples, 5 dropped (edge seen late), 2 late reads, 0 clipped
[INFO] [1787953490.606919497] [bev_imu]: 170000 samples, 5 dropped (edge seen late), 2 late reads, 0 clipped
[INFO] [1787953500.599878645] [bev_imu]: 172000 samples, 5 dropped (edge seen late), 2 late reads, 0 clipped
[INFO] [1787953510.592703280] [bev_imu]: 174000 samples, 5 dropped (edge seen late), 2 late reads, 0 clipped
[INFO] [1787953520.585614737] [bev_imu]: 176000 samples, 5 dropped (edge seen late), 2 late reads, 0 clipped
[INFO] [1787953530.578735833] [bev_imu]: 178000 samples, 5 dropped (edge seen late), 2 late reads, 0 clipped
[INFO] [1787953540.571449806] [bev_imu]: 180000 samples, 5 dropped (edge seen late), 2 late reads, 0 clipped
[INFO] [1787953550.564371426] [bev_imu]: 182000 samples, 5 dropped (edge seen late), 2 late reads, 0 clipped
[INFO] [1787953560.557269317] [bev_imu]: 184000 samples, 5 dropped (edge seen late), 2 late reads, 0 clipped
[INFO] [1787953570.550156689] [bev_imu]: 186000 samples, 5 dropped (edge seen late), 2 late reads, 0 clipped
[INFO] [1787953580.543027935] [bev_imu]: 188000 samples, 5 dropped (edge seen late), 2 late reads, 0 clipped
[INFO] [1787953590.535872778] [bev_imu]: 190000 samples, 5 dropped (edge seen late), 2 late reads, 0 clipped
[INFO] [1787953600.528716360] [bev_imu]: 192000 samples, 5 dropped (edge seen late), 2 late reads, 0 clipped
[INFO] [1787953610.521444913] [bev_imu]: 194000 samples, 5 dropped (edge seen late), 2 late reads, 0 clipped
[INFO] [1787953620.514284580] [bev_imu]: 196000 samples, 5 dropped (edge seen late), 2 late reads, 0 clipped
[INFO] [1787953630.507039564] [bev_imu]: 198000 samples, 5 dropped (edge seen late), 2 late reads, 0 clipped
[INFO] [1787953640.499760433] [bev_imu]: 200000 samples, 5 dropped (edge seen late), 2 late reads, 0 clipped
[INFO] [1787953650.492399962] [bev_imu]: 202000 samples, 5 dropped (edge seen late), 2 late reads, 0 clipped
[INFO] [1787953660.485064084] [bev_imu]: 204000 samples, 5 dropped (edge seen late), 2 late reads, 0 clipped
[INFO] [1787953670.477722974] [bev_imu]: 206000 samples, 5 dropped (edge seen late), 2 late reads, 0 clipped
[INFO] [1787953680.470346769] [bev_imu]: 208000 samples, 5 dropped (edge seen late), 2 late reads, 0 clipped
[INFO] [1787953690.462944090] [bev_imu]: 210000 samples, 5 dropped (edge seen late), 2 late reads, 0 clipped
[INFO] [1787953700.455490991] [bev_imu]: 212000 samples, 5 dropped (edge seen late), 2 late reads, 0 clipped
[INFO] [1787953710.447993031] [bev_imu]: 214000 samples, 5 dropped (edge seen late), 2 late reads, 0 clipped
[INFO] [1787953720.440526357] [bev_imu]: 216000 samples, 5 dropped (edge seen late), 2 late reads, 0 clipped
[INFO] [1787953730.433023916] [bev_imu]: 218000 samples, 5 dropped (edge seen late), 2 late reads, 0 clipped
[INFO] [1787953740.425448160] [bev_imu]: 220000 samples, 5 dropped (edge seen late), 2 late reads, 0 clipped
[INFO] [1787953750.417864857] [bev_imu]: 222000 samples, 5 dropped (edge seen late), 2 late reads, 0 clipped
[INFO] [1787953760.410310197] [bev_imu]: 224000 samples, 5 dropped (edge seen late), 2 late reads, 0 clipped
[INFO] [1787953770.402713659] [bev_imu]: 226000 samples, 5 dropped (edge seen late), 2 late reads, 0 clipped
[INFO] [1787953780.395081602] [bev_imu]: 228000 samples, 5 dropped (edge seen late), 2 late reads, 0 clipped
[INFO] [1787953790.387401529] [bev_imu]: 230000 samples, 5 dropped (edge seen late), 2 late reads, 0 clipped
[INFO] [1787953800.379748339] [bev_imu]: 232000 samples, 5 dropped (edge seen late), 2 late reads, 0 clipped
[INFO] [1787953810.372097373] [bev_imu]: 234000 samples, 5 dropped (edge seen late), 2 late reads, 0 clipped
[INFO] [1787953820.364359820] [bev_imu]: 236000 samples, 5 dropped (edge seen late), 2 late reads, 0 clipped
[INFO] [1787953830.356625129] [bev_imu]: 238000 samples, 5 dropped (edge seen late), 2 late reads, 0 clipped
[INFO] [1787953840.348854270] [bev_imu]: 240000 samples, 5 dropped (edge seen late), 2 late reads, 0 clipped
[INFO] [1787953850.341063301] [bev_imu]: 242000 samples, 5 dropped (edge seen late), 2 late reads, 0 clipped
[INFO] [1787953860.333281573] [bev_imu]: 244000 samples, 5 dropped (edge seen late), 2 late reads, 0 clipped
[INFO] [1787953870.325484859] [bev_imu]: 246000 samples, 5 dropped (edge seen late), 2 late reads, 0 clipped
[INFO] [1787953880.317542308] [bev_imu]: 248000 samples, 5 dropped (edge seen late), 2 late reads, 0 clipped
[INFO] [1787953890.309704374] [bev_imu]: 250000 samples, 5 dropped (edge seen late), 2 late reads, 0 clipped
[INFO] [1787953900.301772669] [bev_imu]: 252000 samples, 5 dropped (edge seen late), 2 late reads, 0 clipped
[INFO] [1787953910.293785157] [bev_imu]: 254000 samples, 5 dropped (edge seen late), 2 late reads, 0 clipped
[INFO] [1787953920.285845500] [bev_imu]: 256000 samples, 5 dropped (edge seen late), 2 late reads, 0 clipped
[INFO] [1787953930.277918669] [bev_imu]: 258000 samples, 5 dropped (edge seen late), 2 late reads, 0 clipped
[INFO] [1787953940.269901160] [bev_imu]: 260000 samples, 5 dropped (edge seen late), 2 late reads, 0 clipped
[INFO] [1787953950.261898648] [bev_imu]: 262000 samples, 5 dropped (edge seen late), 2 late reads, 0 clipped
[INFO] [1787953960.253886245] [bev_imu]: 264000 samples, 5 dropped (edge seen late), 2 late reads, 0 clipped
[INFO] [1787953970.245809470] [bev_imu]: 266000 samples, 5 dropped (edge seen late), 2 late reads, 0 clipped
[INFO] [1787953980.237738319] [bev_imu]: 268000 samples, 5 dropped (edge seen late), 2 late reads, 0 clipped
[INFO] [1787953990.229617956] [bev_imu]: 270000 samples, 5 dropped (edge seen late), 2 late reads, 0 clipped
[INFO] [1787954000.221450399] [bev_imu]: 272000 samples, 5 dropped (edge seen late), 2 late reads, 0 clipped
[INFO] [1787954010.213372156] [bev_imu]: 274000 samples, 5 dropped (edge seen late), 2 late reads, 0 clipped
[INFO] [1787954020.205276315] [bev_imu]: 276000 samples, 5 dropped (edge seen late), 2 late reads, 0 clipped
[INFO] [1787954030.197098216] [bev_imu]: 278000 samples, 5 dropped (edge seen late), 2 late reads, 0 clipped
[INFO] [1787954040.188834348] [bev_imu]: 280000 samples, 5 dropped (edge seen late), 2 late reads, 0 clipped
[INFO] [1787954050.180697236] [bev_imu]: 282000 samples, 5 dropped (edge seen late), 2 late reads, 0 clipped
[INFO] [1787954060.172505538] [bev_imu]: 284000 samples, 5 dropped (edge seen late), 2 late reads, 0 clipped
[INFO] [1787954070.164280524] [bev_imu]: 286000 samples, 5 dropped (edge seen late), 2 late reads, 0 clipped
[INFO] [1787954080.156032886] [bev_imu]: 288000 samples, 5 dropped (edge seen late), 2 late reads, 0 clipped
[INFO] [1787954090.147781256] [bev_imu]: 290000 samples, 5 dropped (edge seen late), 2 late reads, 0 clipped
[INFO] [1787954100.139524396] [bev_imu]: 292000 samples, 5 dropped (edge seen late), 2 late reads, 0 clipped
[INFO] [1787954110.131233703] [bev_imu]: 294000 samples, 5 dropped (edge seen late), 2 late reads, 0 clipped
[INFO] [1787954120.122896611] [bev_imu]: 296000 samples, 5 dropped (edge seen late), 2 late reads, 0 clipped
[INFO] [1787954130.114618157] [bev_imu]: 298000 samples, 5 dropped (edge seen late), 2 late reads, 0 clipped
[INFO] [1787954140.106332942] [bev_imu]: 300000 samples, 5 dropped (edge seen late), 2 late reads, 0 clipped
[INFO] [1787954150.097947182] [bev_imu]: 302000 samples, 5 dropped (edge seen late), 2 late reads, 0 clipped
[INFO] [1787954160.089587278] [bev_imu]: 304000 samples, 5 dropped (edge seen late), 2 late reads, 0 clipped
[INFO] [1787954170.081312186] [bev_imu]: 306000 samples, 5 dropped (edge seen late), 2 late reads, 0 clipped
[INFO] [1787954180.072908765] [bev_imu]: 308000 samples, 5 dropped (edge seen late), 2 late reads, 0 clipped
[INFO] [1787954190.064529878] [bev_imu]: 310000 samples, 5 dropped (edge seen late), 2 late reads, 0 clipped
[INFO] [1787954200.056077691] [bev_imu]: 312000 samples, 5 dropped (edge seen late), 2 late reads, 0 clipped
[INFO] [1787954210.047723533] [bev_imu]: 314000 samples, 5 dropped (edge seen late), 2 late reads, 0 clipped
[INFO] [1787954220.039284810] [bev_imu]: 316000 samples, 5 dropped (edge seen late), 2 late reads, 0 clipped
[INFO] [1787954230.030866751] [bev_imu]: 318000 samples, 5 dropped (edge seen late), 2 late reads, 0 clipped
[INFO] [1787954240.022367544] [bev_imu]: 320000 samples, 5 dropped (edge seen late), 2 late reads, 0 clipped
[INFO] [1787954250.013963385] [bev_imu]: 322000 samples, 5 dropped (edge seen late), 2 late reads, 0 clipped
[INFO] [1787954260.005525704] [bev_imu]: 324000 samples, 5 dropped (edge seen late), 2 late reads, 0 clipped
[INFO] [1787954269.997072427] [bev_imu]: 326000 samples, 5 dropped (edge seen late), 2 late reads, 0 clipped
[INFO] [1787954279.988558790] [bev_imu]: 328000 samples, 5 dropped (edge seen late), 2 late reads, 0 clipped
[INFO] [1787954289.980132838] [bev_imu]: 330000 samples, 5 dropped (edge seen late), 2 late reads, 0 clipped
[INFO] [1787954299.971639885] [bev_imu]: 332000 samples, 5 dropped (edge seen late), 2 late reads, 0 clipped
[INFO] [1787954309.963071582] [bev_imu]: 334000 samples, 5 dropped (edge seen late), 2 late reads, 0 clipped
[INFO] [1787954319.954705768] [bev_imu]: 336000 samples, 5 dropped (edge seen late), 2 late reads, 0 clipped
[INFO] [1787954329.946191367] [bev_imu]: 338000 samples, 5 dropped (edge seen late), 2 late reads, 0 clipped
[INFO] [1787954339.937626406] [bev_imu]: 340000 samples, 5 dropped (edge seen late), 2 late reads, 0 clipped
[INFO] [1787954349.929104677] [bev_imu]: 342000 samples, 5 dropped (edge seen late), 2 late reads, 0 clipped
[INFO] [1787954359.920588015] [bev_imu]: 344000 samples, 5 dropped (edge seen late), 2 late reads, 0 clipped
[INFO] [1787954369.912073323] [bev_imu]: 346000 samples, 5 dropped (edge seen late), 2 late reads, 0 clipped
[INFO] [1787954379.903603707] [bev_imu]: 348000 samples, 5 dropped (edge seen late), 2 late reads, 0 clipped
[INFO] [1787954389.895072742] [bev_imu]: 350000 samples, 5 dropped (edge seen late), 2 late reads, 0 clipped
[INFO] [1787954399.886583213] [bev_imu]: 352000 samples, 5 dropped (edge seen late), 2 late reads, 0 clipped
[INFO] [1787954409.878135736] [bev_imu]: 354000 samples, 5 dropped (edge seen late), 2 late reads, 0 clipped
[INFO] [1787954419.869676938] [bev_imu]: 356000 samples, 5 dropped (edge seen late), 2 late reads, 0 clipped
[INFO] [1787954429.861241201] [bev_imu]: 358000 samples, 5 dropped (edge seen late), 2 late reads, 0 clipped
[INFO] [1787954439.852824711] [bev_imu]: 360000 samples, 5 dropped (edge seen late), 2 late reads, 0 clipped
[INFO] [1787954449.844378995] [bev_imu]: 362000 samples, 5 dropped (edge seen late), 2 late reads, 0 clipped
[INFO] [1787954459.835954427] [bev_imu]: 364000 samples, 5 dropped (edge seen late), 2 late reads, 0 clipped
[INFO] [1787954469.827533797] [bev_imu]: 366000 samples, 5 dropped (edge seen late), 2 late reads, 0 clipped
[INFO] [1787954479.819162547] [bev_imu]: 368000 samples, 5 dropped (edge seen late), 2 late reads, 0 clipped
[INFO] [1787954489.810869895] [bev_imu]: 370000 samples, 5 dropped (edge seen late), 2 late reads, 0 clipped
[INFO] [1787954499.802532519] [bev_imu]: 372000 samples, 5 dropped (edge seen late), 2 late reads, 0 clipped
[INFO] [1787954509.794203513] [bev_imu]: 374000 samples, 5 dropped (edge seen late), 2 late reads, 0 clipped
[INFO] [1787954519.785877440] [bev_imu]: 376000 samples, 5 dropped (edge seen late), 2 late reads, 0 clipped
[INFO] [1787954529.777656930] [bev_imu]: 378000 samples, 5 dropped (edge seen late), 2 late reads, 0 clipped
[INFO] [1787954539.769403775] [bev_imu]: 380000 samples, 5 dropped (edge seen late), 2 late reads, 0 clipped
[INFO] [1787954549.761226915] [bev_imu]: 382000 samples, 5 dropped (edge seen late), 2 late reads, 0 clipped
[INFO] [1787954559.753019981] [bev_imu]: 384000 samples, 5 dropped (edge seen late), 2 late reads, 0 clipped
[INFO] [1787954569.744827549] [bev_imu]: 386000 samples, 5 dropped (edge seen late), 2 late reads, 0 clipped
[INFO] [1787954579.736681715] [bev_imu]: 388000 samples, 5 dropped (edge seen late), 2 late reads, 0 clipped
[INFO] [1787954589.728541588] [bev_imu]: 390000 samples, 5 dropped (edge seen late), 2 late reads, 0 clipped
[INFO] [1787954599.720440362] [bev_imu]: 392000 samples, 5 dropped (edge seen late), 2 late reads, 0 clipped
[INFO] [1787954609.712375416] [bev_imu]: 394000 samples, 5 dropped (edge seen late), 2 late reads, 0 clipped
[INFO] [1787954619.704329948] [bev_imu]: 396000 samples, 5 dropped (edge seen late), 2 late reads, 0 clipped
[INFO] [1787954629.696272891] [bev_imu]: 398000 samples, 5 dropped (edge seen late), 2 late reads, 0 clipped
[INFO] [1787954639.688238843] [bev_imu]: 400000 samples, 5 dropped (edge seen late), 2 late reads, 0 clipped
[INFO] [1787954649.680280668] [bev_imu]: 402000 samples, 5 dropped (edge seen late), 2 late reads, 0 clipped
[INFO] [1787954659.672262721] [bev_imu]: 404000 samples, 5 dropped (edge seen late), 2 late reads, 0 clipped
[INFO] [1787954669.664337393] [bev_imu]: 406000 samples, 5 dropped (edge seen late), 2 late reads, 0 clipped
[INFO] [1787954679.656383788] [bev_imu]: 408000 samples, 5 dropped (edge seen late), 2 late reads, 0 clipped
[INFO] [1787954689.648415925] [bev_imu]: 410000 samples, 5 dropped (edge seen late), 2 late reads, 0 clipped
[INFO] [1787954699.640547727] [bev_imu]: 412000 samples, 5 dropped (edge seen late), 2 late reads, 0 clipped
[INFO] [1787954709.632636315] [bev_imu]: 414000 samples, 5 dropped (edge seen late), 2 late reads, 0 clipped
[INFO] [1787954719.624757314] [bev_imu]: 416000 samples, 5 dropped (edge seen late), 2 late reads, 0 clipped
[INFO] [1787954729.616918146] [bev_imu]: 418000 samples, 5 dropped (edge seen late), 2 late reads, 0 clipped
[INFO] [1787954739.609112158] [bev_imu]: 420000 samples, 5 dropped (edge seen late), 2 late reads, 0 clipped
[INFO] [1787954749.601323383] [bev_imu]: 422000 samples, 5 dropped (edge seen late), 2 late reads, 0 clipped
[INFO] [1787954759.593515662] [bev_imu]: 424000 samples, 5 dropped (edge seen late), 2 late reads, 0 clipped
[INFO] [1787954769.585761547] [bev_imu]: 426000 samples, 5 dropped (edge seen late), 2 late reads, 0 clipped
[INFO] [1787954779.578032716] [bev_imu]: 428000 samples, 5 dropped (edge seen late), 2 late reads, 0 clipped
[INFO] [1787954789.570317367] [bev_imu]: 430000 samples, 5 dropped (edge seen late), 2 late reads, 0 clipped
[INFO] [1787954799.562582316] [bev_imu]: 432000 samples, 5 dropped (edge seen late), 2 late reads, 0 clipped
[INFO] [1787954809.554885777] [bev_imu]: 434000 samples, 5 dropped (edge seen late), 2 late reads, 0 clipped
[INFO] [1787954819.547220419] [bev_imu]: 436000 samples, 5 dropped (edge seen late), 2 late reads, 0 clipped
[INFO] [1787954829.539566661] [bev_imu]: 438000 samples, 5 dropped (edge seen late), 2 late reads, 0 clipped
[INFO] [1787954839.531869403] [bev_imu]: 440000 samples, 5 dropped (edge seen late), 2 late reads, 0 clipped
[INFO] [1787954849.524234948] [bev_imu]: 442000 samples, 5 dropped (edge seen late), 2 late reads, 0 clipped
[INFO] [1787954859.516530469] [bev_imu]: 444000 samples, 5 dropped (edge seen late), 2 late reads, 0 clipped
[INFO] [1787954869.508919488] [bev_imu]: 446000 samples, 5 dropped (edge seen late), 2 late reads, 0 clipped
[INFO] [1787954879.501331675] [bev_imu]: 448000 samples, 5 dropped (edge seen late), 2 late reads, 0 clipped
[INFO] [1787954889.493923793] [bev_imu]: 450000 samples, 5 dropped (edge seen late), 2 late reads, 0 clipped
[INFO] [1787954899.486125860] [bev_imu]: 452000 samples, 5 dropped (edge seen late), 2 late reads, 0 clipped
[INFO] [1787954909.478581527] [bev_imu]: 454000 samples, 5 dropped (edge seen late), 2 late reads, 0 clipped
[INFO] [1787954919.471015499] [bev_imu]: 456000 samples, 5 dropped (edge seen late), 2 late reads, 0 clipped
[INFO] [1787954929.463501257] [bev_imu]: 458000 samples, 5 dropped (edge seen late), 2 late reads, 0 clipped
[INFO] [1787954939.455938350] [bev_imu]: 460000 samples, 5 dropped (edge seen late), 2 late reads, 0 clipped
[INFO] [1787954949.448408761] [bev_imu]: 462000 samples, 5 dropped (edge seen late), 2 late reads, 0 clipped
[INFO] [1787954959.450916308] [bev_imu]: 464000 samples, 7 dropped (edge seen late), 3 late reads, 0 clipped
[INFO] [1787954969.443421112] [bev_imu]: 466000 samples, 7 dropped (edge seen late), 3 late reads, 0 clipped
[INFO] [1787954979.435921320] [bev_imu]: 468000 samples, 7 dropped (edge seen late), 3 late reads, 0 clipped
[INFO] [1787954989.428476549] [bev_imu]: 470000 samples, 7 dropped (edge seen late), 3 late reads, 0 clipped
[INFO] [1787954999.421189173] [bev_imu]: 472000 samples, 7 dropped (edge seen late), 3 late reads, 0 clipped
[INFO] [1787955009.413647093] [bev_imu]: 474000 samples, 7 dropped (edge seen late), 3 late reads, 0 clipped
[INFO] [1787955019.406275660] [bev_imu]: 476000 samples, 7 dropped (edge seen late), 3 late reads, 0 clipped
[INFO] [1787955029.398884825] [bev_imu]: 478000 samples, 7 dropped (edge seen late), 3 late reads, 0 clipped
[INFO] [1787955039.391415418] [bev_imu]: 480000 samples, 7 dropped (edge seen late), 3 late reads, 0 clipped
[INFO] [1787955049.384035762] [bev_imu]: 482000 samples, 7 dropped (edge seen late), 3 late reads, 0 clipped
[INFO] [1787955059.376675523] [bev_imu]: 484000 samples, 7 dropped (edge seen late), 3 late reads, 0 clipped
[INFO] [1787955069.369306094] [bev_imu]: 486000 samples, 7 dropped (edge seen late), 3 late reads, 0 clipped
[INFO] [1787955079.361946326] [bev_imu]: 488000 samples, 7 dropped (edge seen late), 3 late reads, 0 clipped
[INFO] [1787955089.354529912] [bev_imu]: 490000 samples, 7 dropped (edge seen late), 3 late reads, 0 clipped
[INFO] [1787955099.347259963] [bev_imu]: 492000 samples, 7 dropped (edge seen late), 3 late reads, 0 clipped
[INFO] [1787955109.339884317] [bev_imu]: 494000 samples, 7 dropped (edge seen late), 3 late reads, 0 clipped
[INFO] [1787955119.332491010] [bev_imu]: 496000 samples, 7 dropped (edge seen late), 3 late reads, 0 clipped
[INFO] [1787955129.325089637] [bev_imu]: 498000 samples, 7 dropped (edge seen late), 3 late reads, 0 clipped
[INFO] [1787955139.317735822] [bev_imu]: 500000 samples, 7 dropped (edge seen late), 3 late reads, 0 clipped
[INFO] [1787955149.310390109] [bev_imu]: 502000 samples, 7 dropped (edge seen late), 3 late reads, 0 clipped
[INFO] [1787955159.303023951] [bev_imu]: 504000 samples, 7 dropped (edge seen late), 3 late reads, 0 clipped
[INFO] [1787955169.295659338] [bev_imu]: 506000 samples, 7 dropped (edge seen late), 3 late reads, 0 clipped
[INFO] [1787955179.288368653] [bev_imu]: 508000 samples, 7 dropped (edge seen late), 3 late reads, 0 clipped
[INFO] [1787955189.281075001] [bev_imu]: 510000 samples, 7 dropped (edge seen late), 3 late reads, 0 clipped
[INFO] [1787955199.273751120] [bev_imu]: 512000 samples, 7 dropped (edge seen late), 3 late reads, 0 clipped
[INFO] [1787955209.266496561] [bev_imu]: 514000 samples, 7 dropped (edge seen late), 3 late reads, 0 clipped
[INFO] [1787955219.259174432] [bev_imu]: 516000 samples, 7 dropped (edge seen late), 3 late reads, 0 clipped
[INFO] [1787955229.251965242] [bev_imu]: 518000 samples, 7 dropped (edge seen late), 3 late reads, 0 clipped
[INFO] [1787955239.244692802] [bev_imu]: 520000 samples, 7 dropped (edge seen late), 3 late reads, 0 clipped
[INFO] [1787955249.237498367] [bev_imu]: 522000 samples, 7 dropped (edge seen late), 3 late reads, 0 clipped
[INFO] [1787955259.240266378] [bev_imu]: 524000 samples, 9 dropped (edge seen late), 4 late reads, 0 clipped
[INFO] [1787955269.233100514] [bev_imu]: 526000 samples, 9 dropped (edge seen late), 4 late reads, 0 clipped
[INFO] [1787955279.225912622] [bev_imu]: 528000 samples, 9 dropped (edge seen late), 4 late reads, 0 clipped
[INFO] [1787955289.218789937] [bev_imu]: 530000 samples, 9 dropped (edge seen late), 4 late reads, 0 clipped
[INFO] [1787955299.211669348] [bev_imu]: 532000 samples, 9 dropped (edge seen late), 4 late reads, 0 clipped
[INFO] [1787955309.204412512] [bev_imu]: 534000 samples, 9 dropped (edge seen late), 4 late reads, 0 clipped
[INFO] [1787955319.197226173] [bev_imu]: 536000 samples, 9 dropped (edge seen late), 4 late reads, 0 clipped
[INFO] [1787955329.189998188] [bev_imu]: 538000 samples, 9 dropped (edge seen late), 4 late reads, 0 clipped
[INFO] [1787955339.182762566] [bev_imu]: 540000 samples, 9 dropped (edge seen late), 4 late reads, 0 clipped
[INFO] [1787955349.175576640] [bev_imu]: 542000 samples, 9 dropped (edge seen late), 4 late reads, 0 clipped
[INFO] [1787955359.168363601] [bev_imu]: 544000 samples, 9 dropped (edge seen late), 4 late reads, 0 clipped
[INFO] [1787955369.161244375] [bev_imu]: 546000 samples, 9 dropped (edge seen late), 4 late reads, 0 clipped
[INFO] [1787955379.153932938] [bev_imu]: 548000 samples, 9 dropped (edge seen late), 4 late reads, 0 clipped
[INFO] [1787955389.146715406] [bev_imu]: 550000 samples, 9 dropped (edge seen late), 4 late reads, 0 clipped
[INFO] [1787955399.139514829] [bev_imu]: 552000 samples, 9 dropped (edge seen late), 4 late reads, 0 clipped
[INFO] [1787955409.132298321] [bev_imu]: 554000 samples, 9 dropped (edge seen late), 4 late reads, 0 clipped
[INFO] [1787955419.125105587] [bev_imu]: 556000 samples, 9 dropped (edge seen late), 4 late reads, 0 clipped
[INFO] [1787955429.117880915] [bev_imu]: 558000 samples, 9 dropped (edge seen late), 4 late reads, 0 clipped
[INFO] [1787955439.110752616] [bev_imu]: 560000 samples, 9 dropped (edge seen late), 4 late reads, 0 clipped
[INFO] [1787955449.103720096] [bev_imu]: 562000 samples, 9 dropped (edge seen late), 4 late reads, 0 clipped
[INFO] [1787955459.096246608] [bev_imu]: 564000 samples, 9 dropped (edge seen late), 4 late reads, 0 clipped
[INFO] [1787955469.088993792] [bev_imu]: 566000 samples, 9 dropped (edge seen late), 4 late reads, 0 clipped
[INFO] [1787955479.081722218] [bev_imu]: 568000 samples, 9 dropped (edge seen late), 4 late reads, 0 clipped
[INFO] [1787955489.074500653] [bev_imu]: 570000 samples, 9 dropped (edge seen late), 4 late reads, 0 clipped
[INFO] [1787955499.067265506] [bev_imu]: 572000 samples, 9 dropped (edge seen late), 4 late reads, 0 clipped
[INFO] [1787955509.059979755] [bev_imu]: 574000 samples, 9 dropped (edge seen late), 4 late reads, 0 clipped
[INFO] [1787955519.052683007] [bev_imu]: 576000 samples, 9 dropped (edge seen late), 4 late reads, 0 clipped
[INFO] [1787955529.045406749] [bev_imu]: 578000 samples, 9 dropped (edge seen late), 4 late reads, 0 clipped
[INFO] [1787955539.038092649] [bev_imu]: 580000 samples, 9 dropped (edge seen late), 4 late reads, 0 clipped
[INFO] [1787955549.030796010] [bev_imu]: 582000 samples, 9 dropped (edge seen late), 4 late reads, 0 clipped
[INFO] [1787955559.023444514] [bev_imu]: 584000 samples, 9 dropped (edge seen late), 4 late reads, 0 clipped
[INFO] [1787955569.016144149] [bev_imu]: 586000 samples, 9 dropped (edge seen late), 4 late reads, 0 clipped
[INFO] [1787955579.008779893] [bev_imu]: 588000 samples, 9 dropped (edge seen late), 4 late reads, 0 clipped
[INFO] [1787955589.001529027] [bev_imu]: 590000 samples, 9 dropped (edge seen late), 4 late reads, 0 clipped
[INFO] [1787955598.994126822] [bev_imu]: 592000 samples, 9 dropped (edge seen late), 4 late reads, 0 clipped
[INFO] [1787955608.986785707] [bev_imu]: 594000 samples, 9 dropped (edge seen late), 4 late reads, 0 clipped
[INFO] [1787955618.979469266] [bev_imu]: 596000 samples, 9 dropped (edge seen late), 4 late reads, 0 clipped
[INFO] [1787955628.972102437] [bev_imu]: 598000 samples, 9 dropped (edge seen late), 4 late reads, 0 clipped
[INFO] [1787955638.964747610] [bev_imu]: 600000 samples, 9 dropped (edge seen late), 4 late reads, 0 clipped
[INFO] [1787955648.957391086] [bev_imu]: 602000 samples, 9 dropped (edge seen late), 4 late reads, 0 clipped
[INFO] [1787955658.950021131] [bev_imu]: 604000 samples, 9 dropped (edge seen late), 4 late reads, 0 clipped
[INFO] [1787955668.942642240] [bev_imu]: 606000 samples, 9 dropped (edge seen late), 4 late reads, 0 clipped
[INFO] [1787955678.935297909] [bev_imu]: 608000 samples, 9 dropped (edge seen late), 4 late reads, 0 clipped
[INFO] [1787955688.927924827] [bev_imu]: 610000 samples, 9 dropped (edge seen late), 4 late reads, 0 clipped
[INFO] [1787955698.920541813] [bev_imu]: 612000 samples, 9 dropped (edge seen late), 4 late reads, 0 clipped
[INFO] [1787955708.913236668] [bev_imu]: 614000 samples, 9 dropped (edge seen late), 4 late reads, 0 clipped
[INFO] [1787955718.905820277] [bev_imu]: 616000 samples, 9 dropped (edge seen late), 4 late reads, 0 clipped
[INFO] [1787955728.898396874] [bev_imu]: 618000 samples, 9 dropped (edge seen late), 4 late reads, 0 clipped
[INFO] [1787955738.890999824] [bev_imu]: 620000 samples, 9 dropped (edge seen late), 4 late reads, 0 clipped
[INFO] [1787955748.883660433] [bev_imu]: 622000 samples, 9 dropped (edge seen late), 4 late reads, 0 clipped
[INFO] [1787955758.876192089] [bev_imu]: 624000 samples, 9 dropped (edge seen late), 4 late reads, 0 clipped
[INFO] [1787955768.868746651] [bev_imu]: 626000 samples, 9 dropped (edge seen late), 4 late reads, 0 clipped
[INFO] [1787955778.861342596] [bev_imu]: 628000 samples, 9 dropped (edge seen late), 4 late reads, 0 clipped
[INFO] [1787955788.853863549] [bev_imu]: 630000 samples, 9 dropped (edge seen late), 4 late reads, 0 clipped
[INFO] [1787955798.846380126] [bev_imu]: 632000 samples, 9 dropped (edge seen late), 4 late reads, 0 clipped
[INFO] [1787955808.838916725] [bev_imu]: 634000 samples, 9 dropped (edge seen late), 4 late reads, 0 clipped
[INFO] [1787955818.831434033] [bev_imu]: 636000 samples, 9 dropped (edge seen late), 4 late reads, 0 clipped
[INFO] [1787955828.823969505] [bev_imu]: 638000 samples, 9 dropped (edge seen late), 4 late reads, 0 clipped
[INFO] [1787955838.816417115] [bev_imu]: 640000 samples, 9 dropped (edge seen late), 4 late reads, 0 clipped
[INFO] [1787955848.808991596] [bev_imu]: 642000 samples, 9 dropped (edge seen late), 4 late reads, 0 clipped
[INFO] [1787955858.801534118] [bev_imu]: 644000 samples, 9 dropped (edge seen late), 4 late reads, 0 clipped
[INFO] [1787955868.794029112] [bev_imu]: 646000 samples, 9 dropped (edge seen late), 4 late reads, 0 clipped
[INFO] [1787955878.786507541] [bev_imu]: 648000 samples, 9 dropped (edge seen late), 4 late reads, 0 clipped
[INFO] [1787955888.779051246] [bev_imu]: 650000 samples, 9 dropped (edge seen late), 4 late reads, 0 clipped
[INFO] [1787955898.771588635] [bev_imu]: 652000 samples, 9 dropped (edge seen late), 4 late reads, 0 clipped
[INFO] [1787955908.764053865] [bev_imu]: 654000 samples, 9 dropped (edge seen late), 4 late reads, 0 clipped
[INFO] [1787955918.756565997] [bev_imu]: 656000 samples, 9 dropped (edge seen late), 4 late reads, 0 clipped
[INFO] [1787955928.749018269] [bev_imu]: 658000 samples, 9 dropped (edge seen late), 4 late reads, 0 clipped
[INFO] [1787955938.741526345] [bev_imu]: 660000 samples, 9 dropped (edge seen late), 4 late reads, 0 clipped
[INFO] [1787955948.733975686] [bev_imu]: 662000 samples, 9 dropped (edge seen late), 4 late reads, 0 clipped
[INFO] [1787955958.726472518] [bev_imu]: 664000 samples, 9 dropped (edge seen late), 4 late reads, 0 clipped
[INFO] [1787955968.718965309] [bev_imu]: 666000 samples, 9 dropped (edge seen late), 4 late reads, 0 clipped
[INFO] [1787955978.711440867] [bev_imu]: 668000 samples, 9 dropped (edge seen late), 4 late reads, 0 clipped
[INFO] [1787955988.703964075] [bev_imu]: 670000 samples, 9 dropped (edge seen late), 4 late reads, 0 clipped
[INFO] [1787955998.696476933] [bev_imu]: 672000 samples, 9 dropped (edge seen late), 4 late reads, 0 clipped
[INFO] [1787956008.688931916] [bev_imu]: 674000 samples, 9 dropped (edge seen late), 4 late reads, 0 clipped
[INFO] [1787956018.681428151] [bev_imu]: 676000 samples, 9 dropped (edge seen late), 4 late reads, 0 clipped
[INFO] [1787956028.673897594] [bev_imu]: 678000 samples, 9 dropped (edge seen late), 4 late reads, 0 clipped
[INFO] [1787956038.666415398] [bev_imu]: 680000 samples, 9 dropped (edge seen late), 4 late reads, 0 clipped
[INFO] [1787956048.658936307] [bev_imu]: 682000 samples, 9 dropped (edge seen late), 4 late reads, 0 clipped
[INFO] [1787956058.706225579] [bev_imu]: 684000 samples, 20 dropped (edge seen late), 5 late reads, 0 clipped
[INFO] [1787956068.698649188] [bev_imu]: 686000 samples, 20 dropped (edge seen late), 5 late reads, 0 clipped
[INFO] [1787956078.691010268] [bev_imu]: 688000 samples, 20 dropped (edge seen late), 5 late reads, 0 clipped
[INFO] [1787956088.683384209] [bev_imu]: 690000 samples, 20 dropped (edge seen late), 5 late reads, 0 clipped
[INFO] [1787956098.675742488] [bev_imu]: 692000 samples, 20 dropped (edge seen late), 5 late reads, 0 clipped
[INFO] [1787956108.668086344] [bev_imu]: 694000 samples, 20 dropped (edge seen late), 5 late reads, 0 clipped
[INFO] [1787956118.660400214] [bev_imu]: 696000 samples, 20 dropped (edge seen late), 5 late reads, 0 clipped
[INFO] [1787956128.652677215] [bev_imu]: 698000 samples, 20 dropped (edge seen late), 5 late reads, 0 clipped
[INFO] [1787956138.644930096] [bev_imu]: 700000 samples, 20 dropped (edge seen late), 5 late reads, 0 clipped
[INFO] [1787956148.637228073] [bev_imu]: 702000 samples, 20 dropped (edge seen late), 5 late reads, 0 clipped
[INFO] [1787956158.629468035] [bev_imu]: 704000 samples, 20 dropped (edge seen late), 5 late reads, 0 clipped
[INFO] [1787956168.621584975] [bev_imu]: 706000 samples, 20 dropped (edge seen late), 5 late reads, 0 clipped
[INFO] [1787956178.613720082] [bev_imu]: 708000 samples, 20 dropped (edge seen late), 5 late reads, 0 clipped
[INFO] [1787956188.605909772] [bev_imu]: 710000 samples, 20 dropped (edge seen late), 5 late reads, 0 clipped
[INFO] [1787956198.598061981] [bev_imu]: 712000 samples, 20 dropped (edge seen late), 5 late reads, 0 clipped
[INFO] [1787956208.590166979] [bev_imu]: 714000 samples, 20 dropped (edge seen late), 5 late reads, 0 clipped
[INFO] [1787956218.582284538] [bev_imu]: 716000 samples, 20 dropped (edge seen late), 5 late reads, 0 clipped
[INFO] [1787956228.574365635] [bev_imu]: 718000 samples, 20 dropped (edge seen late), 5 late reads, 0 clipped
[INFO] [1787956238.566485343] [bev_imu]: 720000 samples, 20 dropped (edge seen late), 5 late reads, 0 clipped
[INFO] [1787956248.558610380] [bev_imu]: 722000 samples, 20 dropped (edge seen late), 5 late reads, 0 clipped
[INFO] [1787956258.550719731] [bev_imu]: 724000 samples, 20 dropped (edge seen late), 5 late reads, 0 clipped
[INFO] [1787956268.542877737] [bev_imu]: 726000 samples, 20 dropped (edge seen late), 5 late reads, 0 clipped
[INFO] [1787956278.535014025] [bev_imu]: 728000 samples, 20 dropped (edge seen late), 5 late reads, 0 clipped
[INFO] [1787956288.527137224] [bev_imu]: 730000 samples, 20 dropped (edge seen late), 5 late reads, 0 clipped
[INFO] [1787956298.519300035] [bev_imu]: 732000 samples, 20 dropped (edge seen late), 5 late reads, 0 clipped
[INFO] [1787956308.511453969] [bev_imu]: 734000 samples, 20 dropped (edge seen late), 5 late reads, 0 clipped
[INFO] [1787956318.503657838] [bev_imu]: 736000 samples, 20 dropped (edge seen late), 5 late reads, 0 clipped
[INFO] [1787956328.495858329] [bev_imu]: 738000 samples, 20 dropped (edge seen late), 5 late reads, 0 clipped
[INFO] [1787956338.488050692] [bev_imu]: 740000 samples, 20 dropped (edge seen late), 5 late reads, 0 clipped
[INFO] [1787956348.480252235] [bev_imu]: 742000 samples, 20 dropped (edge seen late), 5 late reads, 0 clipped
[INFO] [1787956358.472493488] [bev_imu]: 744000 samples, 20 dropped (edge seen late), 5 late reads, 0 clipped
[INFO] [1787956368.464749250] [bev_imu]: 746000 samples, 20 dropped (edge seen late), 5 late reads, 0 clipped
[INFO] [1787956378.781707864] [bev_imu]: 748000 samples, 35 dropped (edge seen late), 6 late reads, 0 clipped
[INFO] [1787956388.774019373] [bev_imu]: 750000 samples, 35 dropped (edge seen late), 6 late reads, 0 clipped
[INFO] [1787956398.766214177] [bev_imu]: 752000 samples, 35 dropped (edge seen late), 6 late reads, 0 clipped
[INFO] [1787956408.758503479] [bev_imu]: 754000 samples, 35 dropped (edge seen late), 6 late reads, 0 clipped
[INFO] [1787956418.750758499] [bev_imu]: 756000 samples, 35 dropped (edge seen late), 6 late reads, 0 clipped
[INFO] [1787956428.743026247] [bev_imu]: 758000 samples, 35 dropped (edge seen late), 6 late reads, 0 clipped
[INFO] [1787956438.735354935] [bev_imu]: 760000 samples, 35 dropped (edge seen late), 6 late reads, 0 clipped
[INFO] [1787956448.727652241] [bev_imu]: 762000 samples, 35 dropped (edge seen late), 6 late reads, 0 clipped
[INFO] [1787956458.719953461] [bev_imu]: 764000 samples, 35 dropped (edge seen late), 6 late reads, 0 clipped
[INFO] [1787956468.712266041] [bev_imu]: 766000 samples, 35 dropped (edge seen late), 6 late reads, 0 clipped
[INFO] [1787956478.704593436] [bev_imu]: 768000 samples, 35 dropped (edge seen late), 6 late reads, 0 clipped
[INFO] [1787956488.696925720] [bev_imu]: 770000 samples, 35 dropped (edge seen late), 6 late reads, 0 clipped
[INFO] [1787956498.689246151] [bev_imu]: 772000 samples, 35 dropped (edge seen late), 6 late reads, 0 clipped
[INFO] [1787956508.681547722] [bev_imu]: 774000 samples, 35 dropped (edge seen late), 6 late reads, 0 clipped
[INFO] [1787956518.673878359] [bev_imu]: 776000 samples, 35 dropped (edge seen late), 6 late reads, 0 clipped
[INFO] [1787956528.666227473] [bev_imu]: 778000 samples, 35 dropped (edge seen late), 6 late reads, 0 clipped
[INFO] [1787956538.658543246] [bev_imu]: 780000 samples, 35 dropped (edge seen late), 6 late reads, 0 clipped
[INFO] [1787956548.650847214] [bev_imu]: 782000 samples, 35 dropped (edge seen late), 6 late reads, 0 clipped
[INFO] [1787956558.643184680] [bev_imu]: 784000 samples, 35 dropped (edge seen late), 6 late reads, 0 clipped
[INFO] [1787956568.635500668] [bev_imu]: 786000 samples, 35 dropped (edge seen late), 6 late reads, 0 clipped
[INFO] [1787956578.627792138] [bev_imu]: 788000 samples, 35 dropped (edge seen late), 6 late reads, 0 clipped
[INFO] [1787956588.620138633] [bev_imu]: 790000 samples, 35 dropped (edge seen late), 6 late reads, 0 clipped
[INFO] [1787956598.612367191] [bev_imu]: 792000 samples, 35 dropped (edge seen late), 6 late reads, 0 clipped
[INFO] [1787956608.604685745] [bev_imu]: 794000 samples, 35 dropped (edge seen late), 6 late reads, 0 clipped
[INFO] [1787956618.596967284] [bev_imu]: 796000 samples, 35 dropped (edge seen late), 6 late reads, 0 clipped
[INFO] [1787956628.589296509] [bev_imu]: 798000 samples, 35 dropped (edge seen late), 6 late reads, 0 clipped
[INFO] [1787956638.581510375] [bev_imu]: 800000 samples, 35 dropped (edge seen late), 6 late reads, 0 clipped
[INFO] [1787956648.573785905] [bev_imu]: 802000 samples, 35 dropped (edge seen late), 6 late reads, 0 clipped
[INFO] [1787956658.566073651] [bev_imu]: 804000 samples, 35 dropped (edge seen late), 6 late reads, 0 clipped
[INFO] [1787956668.558305358] [bev_imu]: 806000 samples, 35 dropped (edge seen late), 6 late reads, 0 clipped
[INFO] [1787956678.550554945] [bev_imu]: 808000 samples, 35 dropped (edge seen late), 6 late reads, 0 clipped
[INFO] [1787956688.542836230] [bev_imu]: 810000 samples, 35 dropped (edge seen late), 6 late reads, 0 clipped
[INFO] [1787956698.535046367] [bev_imu]: 812000 samples, 35 dropped (edge seen late), 6 late reads, 0 clipped
[INFO] [1787956708.527301217] [bev_imu]: 814000 samples, 35 dropped (edge seen late), 6 late reads, 0 clipped
[INFO] [1787956718.519511599] [bev_imu]: 816000 samples, 35 dropped (edge seen late), 6 late reads, 0 clipped
[INFO] [1787956728.511748965] [bev_imu]: 818000 samples, 35 dropped (edge seen late), 6 late reads, 0 clipped
[INFO] [1787956738.503970944] [bev_imu]: 820000 samples, 35 dropped (edge seen late), 6 late reads, 0 clipped
[INFO] [1787956748.496170396] [bev_imu]: 822000 samples, 35 dropped (edge seen late), 6 late reads, 0 clipped
[INFO] [1787956758.488390972] [bev_imu]: 824000 samples, 35 dropped (edge seen late), 6 late reads, 0 clipped
[INFO] [1787956768.480552347] [bev_imu]: 826000 samples, 35 dropped (edge seen late), 6 late reads, 0 clipped
[INFO] [1787956778.472769270] [bev_imu]: 828000 samples, 35 dropped (edge seen late), 6 late reads, 0 clipped
[INFO] [1787956788.464949028] [bev_imu]: 830000 samples, 35 dropped (edge seen late), 6 late reads, 0 clipped
[INFO] [1787956798.457191339] [bev_imu]: 832000 samples, 35 dropped (edge seen late), 6 late reads, 0 clipped
[INFO] [1787956808.449307302] [bev_imu]: 834000 samples, 35 dropped (edge seen late), 6 late reads, 0 clipped
[INFO] [1787956818.441516530] [bev_imu]: 836000 samples, 35 dropped (edge seen late), 6 late reads, 0 clipped
[INFO] [1787956828.433646092] [bev_imu]: 838000 samples, 35 dropped (edge seen late), 6 late reads, 0 clipped
[INFO] [1787956838.425812631] [bev_imu]: 840000 samples, 35 dropped (edge seen late), 6 late reads, 0 clipped
[INFO] [1787956848.417942379] [bev_imu]: 842000 samples, 35 dropped (edge seen late), 6 late reads, 0 clipped
[INFO] [1787956858.410060265] [bev_imu]: 844000 samples, 35 dropped (edge seen late), 6 late reads, 0 clipped
[INFO] [1787956868.402252848] [bev_imu]: 846000 samples, 35 dropped (edge seen late), 6 late reads, 0 clipped
[INFO] [1787956878.394381467] [bev_imu]: 848000 samples, 35 dropped (edge seen late), 6 late reads, 0 clipped
[INFO] [1787956888.386596717] [bev_imu]: 850000 samples, 35 dropped (edge seen late), 6 late reads, 0 clipped
[INFO] [1787956898.378700541] [bev_imu]: 852000 samples, 35 dropped (edge seen late), 6 late reads, 0 clipped
[INFO] [1787956908.370793133] [bev_imu]: 854000 samples, 35 dropped (edge seen late), 6 late reads, 0 clipped
[INFO] [1787956918.362941120] [bev_imu]: 856000 samples, 35 dropped (edge seen late), 6 late reads, 0 clipped
[INFO] [1787956928.355052809] [bev_imu]: 858000 samples, 35 dropped (edge seen late), 6 late reads, 0 clipped
[INFO] [1787956938.347155180] [bev_imu]: 860000 samples, 35 dropped (edge seen late), 6 late reads, 0 clipped
[INFO] [1787956948.339273867] [bev_imu]: 862000 samples, 35 dropped (edge seen late), 6 late reads, 0 clipped
[INFO] [1787956958.331377565] [bev_imu]: 864000 samples, 35 dropped (edge seen late), 6 late reads, 0 clipped
[INFO] [1787956968.323516616] [bev_imu]: 866000 samples, 35 dropped (edge seen late), 6 late reads, 0 clipped
[INFO] [1787956978.315655524] [bev_imu]: 868000 samples, 35 dropped (edge seen late), 6 late reads, 0 clipped
[INFO] [1787956988.307700177] [bev_imu]: 870000 samples, 35 dropped (edge seen late), 6 late reads, 0 clipped
[INFO] [1787956998.299838478] [bev_imu]: 872000 samples, 35 dropped (edge seen late), 6 late reads, 0 clipped
[INFO] [1787957008.291913147] [bev_imu]: 874000 samples, 35 dropped (edge seen late), 6 late reads, 0 clipped
[INFO] [1787957018.284024595] [bev_imu]: 876000 samples, 35 dropped (edge seen late), 6 late reads, 0 clipped
[INFO] [1787957028.276051765] [bev_imu]: 878000 samples, 35 dropped (edge seen late), 6 late reads, 0 clipped
[INFO] [1787957038.268139425] [bev_imu]: 880000 samples, 35 dropped (edge seen late), 6 late reads, 0 clipped
[INFO] [1787957048.260259321] [bev_imu]: 882000 samples, 35 dropped (edge seen late), 6 late reads, 0 clipped
[INFO] [1787957058.252318362] [bev_imu]: 884000 samples, 35 dropped (edge seen late), 6 late reads, 0 clipped
[INFO] [1787957068.244374238] [bev_imu]: 886000 samples, 35 dropped (edge seen late), 6 late reads, 0 clipped
[INFO] [1787957078.236456713] [bev_imu]: 888000 samples, 35 dropped (edge seen late), 6 late reads, 0 clipped
[INFO] [1787957088.228528023] [bev_imu]: 890000 samples, 35 dropped (edge seen late), 6 late reads, 0 clipped
[INFO] [1787957098.220607428] [bev_imu]: 892000 samples, 35 dropped (edge seen late), 6 late reads, 0 clipped
[INFO] [1787957108.212634038] [bev_imu]: 894000 samples, 35 dropped (edge seen late), 6 late reads, 0 clipped
[INFO] [1787957118.204698949] [bev_imu]: 896000 samples, 35 dropped (edge seen late), 6 late reads, 0 clipped
[INFO] [1787957128.196752976] [bev_imu]: 898000 samples, 35 dropped (edge seen late), 6 late reads, 0 clipped
[INFO] [1787957138.188832349] [bev_imu]: 900000 samples, 35 dropped (edge seen late), 6 late reads, 0 clipped
[INFO] [1787957148.180904358] [bev_imu]: 902000 samples, 35 dropped (edge seen late), 6 late reads, 0 clipped
[INFO] [1787957158.172881829] [bev_imu]: 904000 samples, 35 dropped (edge seen late), 6 late reads, 0 clipped
[INFO] [1787957168.165057571] [bev_imu]: 906000 samples, 35 dropped (edge seen late), 6 late reads, 0 clipped
[INFO] [1787957178.157074646] [bev_imu]: 908000 samples, 35 dropped (edge seen late), 6 late reads, 0 clipped
[INFO] [1787957188.149072353] [bev_imu]: 910000 samples, 35 dropped (edge seen late), 6 late reads, 0 clipped
[INFO] [1787957198.141097632] [bev_imu]: 912000 samples, 35 dropped (edge seen late), 6 late reads, 0 clipped
[INFO] [1787957208.133347862] [bev_imu]: 914000 samples, 35 dropped (edge seen late), 6 late reads, 0 clipped
[INFO] [1787957218.125237471] [bev_imu]: 916000 samples, 35 dropped (edge seen late), 6 late reads, 0 clipped
[INFO] [1787957228.117226234] [bev_imu]: 918000 samples, 35 dropped (edge seen late), 6 late reads, 0 clipped
[INFO] [1787957238.109262666] [bev_imu]: 920000 samples, 35 dropped (edge seen late), 6 late reads, 0 clipped
[INFO] [1787957248.101298601] [bev_imu]: 922000 samples, 35 dropped (edge seen late), 6 late reads, 0 clipped
[INFO] [1787957258.093314137] [bev_imu]: 924000 samples, 35 dropped (edge seen late), 6 late reads, 0 clipped
[INFO] [1787957268.085349722] [bev_imu]: 926000 samples, 35 dropped (edge seen late), 6 late reads, 0 clipped
[INFO] [1787957278.077289034] [bev_imu]: 928000 samples, 35 dropped (edge seen late), 6 late reads, 0 clipped
[INFO] [1787957288.069338855] [bev_imu]: 930000 samples, 35 dropped (edge seen late), 6 late reads, 0 clipped
[INFO] [1787957298.061392238] [bev_imu]: 932000 samples, 35 dropped (edge seen late), 6 late reads, 0 clipped
[INFO] [1787957308.053400417] [bev_imu]: 934000 samples, 35 dropped (edge seen late), 6 late reads, 0 clipped
[INFO] [1787957318.045472321] [bev_imu]: 936000 samples, 35 dropped (edge seen late), 6 late reads, 0 clipped
[INFO] [1787957328.037445293] [bev_imu]: 938000 samples, 35 dropped (edge seen late), 6 late reads, 0 clipped
[INFO] [1787957338.029454113] [bev_imu]: 940000 samples, 35 dropped (edge seen late), 6 late reads, 0 clipped
[INFO] [1787957348.021474492] [bev_imu]: 942000 samples, 35 dropped (edge seen late), 6 late reads, 0 clipped
[INFO] [1787957358.013460501] [bev_imu]: 944000 samples, 35 dropped (edge seen late), 6 late reads, 0 clipped
[INFO] [1787957368.005391110] [bev_imu]: 946000 samples, 35 dropped (edge seen late), 6 late reads, 0 clipped
[INFO] [1787957377.997406675] [bev_imu]: 948000 samples, 35 dropped (edge seen late), 6 late reads, 0 clipped
[INFO] [1787957387.989367915] [bev_imu]: 950000 samples, 35 dropped (edge seen late), 6 late reads, 0 clipped
[INFO] [1787957397.981348399] [bev_imu]: 952000 samples, 35 dropped (edge seen late), 6 late reads, 0 clipped
[INFO] [1787957407.973341773] [bev_imu]: 954000 samples, 35 dropped (edge seen late), 6 late reads, 0 clipped
[INFO] [1787957417.965325183] [bev_imu]: 956000 samples, 35 dropped (edge seen late), 6 late reads, 0 clipped
[INFO] [1787957427.957324872] [bev_imu]: 958000 samples, 35 dropped (edge seen late), 6 late reads, 0 clipped
[INFO] [1787957437.949350124] [bev_imu]: 960000 samples, 35 dropped (edge seen late), 6 late reads, 0 clipped
[INFO] [1787957447.941287648] [bev_imu]: 962000 samples, 35 dropped (edge seen late), 6 late reads, 0 clipped
[INFO] [1787957457.933291274] [bev_imu]: 964000 samples, 35 dropped (edge seen late), 6 late reads, 0 clipped
[INFO] [1787957467.925227014] [bev_imu]: 966000 samples, 35 dropped (edge seen late), 6 late reads, 0 clipped
[INFO] [1787957477.917249566] [bev_imu]: 968000 samples, 35 dropped (edge seen late), 6 late reads, 0 clipped
[INFO] [1787957487.909167293] [bev_imu]: 970000 samples, 35 dropped (edge seen late), 6 late reads, 0 clipped
[INFO] [1787957497.901070006] [bev_imu]: 972000 samples, 35 dropped (edge seen late), 6 late reads, 0 clipped
[INFO] [1787957507.893040358] [bev_imu]: 974000 samples, 35 dropped (edge seen late), 6 late reads, 0 clipped
[INFO] [1787957517.884994245] [bev_imu]: 976000 samples, 35 dropped (edge seen late), 6 late reads, 0 clipped
[INFO] [1787957527.876939979] [bev_imu]: 978000 samples, 35 dropped (edge seen late), 6 late reads, 0 clipped
[INFO] [1787957537.868866449] [bev_imu]: 980000 samples, 35 dropped (edge seen late), 6 late reads, 0 clipped
[INFO] [1787957547.860801234] [bev_imu]: 982000 samples, 35 dropped (edge seen late), 6 late reads, 0 clipped
[INFO] [1787957557.852774342] [bev_imu]: 984000 samples, 35 dropped (edge seen late), 6 late reads, 0 clipped
[INFO] [1787957567.844633325] [bev_imu]: 986000 samples, 35 dropped (edge seen late), 6 late reads, 0 clipped
[INFO] [1787957577.836574847] [bev_imu]: 988000 samples, 35 dropped (edge seen late), 6 late reads, 0 clipped
[INFO] [1787957587.828537330] [bev_imu]: 990000 samples, 35 dropped (edge seen late), 6 late reads, 0 clipped
